
===========================================================================
 report_power
============================================================================
======================= nom_tt_025C_1v80 Corner ===================================

Group                    Internal    Switching      Leakage        Total
                            Power        Power        Power        Power (Watts)
------------------------------------------------------------------------
Sequential           0.000000e+00 0.000000e+00 0.000000e+00 0.000000e+00   0.0%
Combinational        2.060507e-03 2.153422e-03 1.726324e-08 4.213946e-03 100.0%
Clock                0.000000e+00 0.000000e+00 6.933673e-10 6.933673e-10   0.0%
Macro                0.000000e+00 0.000000e+00 0.000000e+00 0.000000e+00   0.0%
Pad                  0.000000e+00 0.000000e+00 0.000000e+00 0.000000e+00   0.0%
------------------------------------------------------------------------
Total                2.060507e-03 2.153422e-03 1.795663e-08 4.213947e-03 100.0%
                            48.9%        51.1%         0.0%
Writing metric power__internal__total: 0.0020605067256838083
Writing metric power__switching__total: 0.0021534219849854708
Writing metric power__leakage__total: 1.7956626408022203e-8
Writing metric power__total: 0.004213946871459484

