
===========================================================================
 report_power
============================================================================
======================= nom_tt_025C_1v80 Corner ===================================

Group                    Internal    Switching      Leakage        Total
                            Power        Power        Power        Power (Watts)
------------------------------------------------------------------------
Sequential           0.000000e+00 0.000000e+00 0.000000e+00 0.000000e+00   0.0%
Combinational        1.754033e-03 1.722257e-03 1.338672e-08 3.476304e-03 100.0%
Clock                0.000000e+00 0.000000e+00 6.933673e-10 6.933673e-10   0.0%
Macro                0.000000e+00 0.000000e+00 0.000000e+00 0.000000e+00   0.0%
Pad                  0.000000e+00 0.000000e+00 0.000000e+00 0.000000e+00   0.0%
------------------------------------------------------------------------
Total                1.754033e-03 1.722257e-03 1.408009e-08 3.476304e-03 100.0%
                            50.5%        49.5%         0.0%
Writing metric power__internal__total: 0.0017540334956720471
Writing metric power__switching__total: 0.0017222571186721325
Writing metric power__leakage__total: 1.4080092647361653e-8
Writing metric power__total: 0.003476304467767477

