
===========================================================================
report_checks -unconstrained
===========================================================================
======================= Typical Corner ===================================

Startpoint: rst_n (input port clocked by clk)
Endpoint: _4188_ (recovery check against rising-edge clock clk)
Path Group: asynchronous
Path Type: max

Fanout     Cap    Slew   Delay    Time   Description
-----------------------------------------------------------------------------
                          0.00    0.00   clock clk (rise edge)
                          0.00    0.00   clock network delay (propagated)
                          2.00    2.00 ^ input external delay
     1    0.01    0.03    0.02    2.02 ^ rst_n (in)
                                         rst_n (net)
                  0.03    0.00    2.02 ^ input70/A (sky130_fd_sc_hd__clkbuf_1)
     1    0.00    0.04    0.08    2.10 ^ input70/X (sky130_fd_sc_hd__clkbuf_1)
                                         net70 (net)
                  0.04    0.00    2.10 ^ fanout124/A (sky130_fd_sc_hd__clkbuf_2)
     5    0.02    0.09    0.15    2.24 ^ fanout124/X (sky130_fd_sc_hd__clkbuf_2)
                                         net124 (net)
                  0.09    0.00    2.24 ^ fanout121/A (sky130_fd_sc_hd__clkbuf_4)
    10    0.04    0.14    0.23    2.47 ^ fanout121/X (sky130_fd_sc_hd__clkbuf_4)
                                         net121 (net)
                  0.14    0.00    2.48 ^ fanout120/A (sky130_fd_sc_hd__clkbuf_4)
    10    0.04    0.14    0.25    2.72 ^ fanout120/X (sky130_fd_sc_hd__clkbuf_4)
                                         net120 (net)
                  0.14    0.00    2.73 ^ _4188_/RESET_B (sky130_fd_sc_hd__dfrtp_1)
                                  2.73   data arrival time

                         10.00   10.00   clock clk (rise edge)
                          0.00   10.00   clock source latency
     1    0.01    0.07    0.04   10.04 ^ clk (in)
                                         clk (net)
                  0.07    0.00   10.04 ^ clkbuf_0_clk/A (sky130_fd_sc_hd__clkbuf_16)
     4    0.03    0.05    0.14   10.18 ^ clkbuf_0_clk/X (sky130_fd_sc_hd__clkbuf_16)
                                         clknet_0_clk (net)
                  0.05    0.00   10.18 ^ clkbuf_2_1__f_clk/A (sky130_fd_sc_hd__clkbuf_16)
    10    0.03    0.05    0.13   10.31 ^ clkbuf_2_1__f_clk/X (sky130_fd_sc_hd__clkbuf_16)
                                         clknet_2_1__leaf_clk (net)
                  0.05    0.00   10.32 ^ _4188_/CLK (sky130_fd_sc_hd__dfrtp_1)
                         -0.25   10.07   clock uncertainty
                          0.00   10.07   clock reconvergence pessimism
                          0.21   10.27   library recovery time
                                 10.27   data required time
-----------------------------------------------------------------------------
                                 10.27   data required time
                                 -2.73   data arrival time
-----------------------------------------------------------------------------
                                  7.55   slack (MET)


Startpoint: B[0] (input port clocked by clk)
Endpoint: _4196_ (rising edge-triggered flip-flop clocked by clk)
Path Group: clk
Path Type: max

Fanout     Cap    Slew   Delay    Time   Description
-----------------------------------------------------------------------------
                          0.00    0.00   clock clk (rise edge)
                          0.00    0.00   clock network delay (propagated)
                          2.00    2.00 ^ input external delay
     1    0.00    0.02    0.01    2.01 ^ B[0] (in)
                                         B[0] (net)
                  0.02    0.00    2.01 ^ input33/A (sky130_fd_sc_hd__clkbuf_1)
     2    0.01    0.07    0.10    2.10 ^ input33/X (sky130_fd_sc_hd__clkbuf_1)
                                         net33 (net)
                  0.07    0.00    2.10 ^ _2199_/A (sky130_fd_sc_hd__clkbuf_4)
    10    0.03    0.10    0.19    2.30 ^ _2199_/X (sky130_fd_sc_hd__clkbuf_4)
                                         _1305_ (net)
                  0.10    0.00    2.30 ^ _2469_/A (sky130_fd_sc_hd__clkbuf_4)
    10    0.03    0.10    0.20    2.50 ^ _2469_/X (sky130_fd_sc_hd__clkbuf_4)
                                         _1575_ (net)
                  0.10    0.00    2.50 ^ _2470_/A (sky130_fd_sc_hd__buf_4)
    10    0.06    0.17    0.23    2.73 ^ _2470_/X (sky130_fd_sc_hd__buf_4)
                                         _1576_ (net)
                  0.17    0.00    2.73 ^ _2471_/A (sky130_fd_sc_hd__buf_4)
    10    0.03    0.11    0.21    2.94 ^ _2471_/X (sky130_fd_sc_hd__buf_4)
                                         _1577_ (net)
                  0.11    0.00    2.94 ^ _3292_/S0 (sky130_fd_sc_hd__mux4_1)
     2    0.00    0.09    0.58    3.52 v _3292_/X (sky130_fd_sc_hd__mux4_1)
                                         _0330_ (net)
                  0.09    0.00    3.52 v _3818_/A2 (sky130_fd_sc_hd__mux4_1)
     1    0.00    0.09    0.54    4.06 v _3818_/X (sky130_fd_sc_hd__mux4_1)
                                         _0894_ (net)
                  0.09    0.00    4.06 v _3820_/A1 (sky130_fd_sc_hd__a21o_1)
     1    0.01    0.06    0.21    4.27 v _3820_/X (sky130_fd_sc_hd__a21o_1)
                                         _0896_ (net)
                  0.06    0.00    4.27 v _3821_/A2 (sky130_fd_sc_hd__a22oi_2)
     1    0.01    0.16    0.21    4.48 ^ _3821_/Y (sky130_fd_sc_hd__a22oi_2)
                                         _0897_ (net)
                  0.16    0.00    4.48 ^ _3829_/B1 (sky130_fd_sc_hd__o2111a_1)
     1    0.00    0.05    0.21    4.70 ^ _3829_/X (sky130_fd_sc_hd__o2111a_1)
                                         _0906_ (net)
                  0.05    0.00    4.70 ^ _3830_/B (sky130_fd_sc_hd__nand2_1)
     1    0.00    0.07    0.06    4.75 v _3830_/Y (sky130_fd_sc_hd__nand2_1)
                                         _0907_ (net)
                  0.07    0.00    4.75 v _3831_/C1 (sky130_fd_sc_hd__a211o_1)
     1    0.01    0.06    0.25    5.01 v _3831_/X (sky130_fd_sc_hd__a211o_1)
                                         _2061_ (net)
                  0.06    0.00    5.01 v _4196_/D (sky130_fd_sc_hd__dfrtp_1)
                                  5.01   data arrival time

                         10.00   10.00   clock clk (rise edge)
                          0.00   10.00   clock source latency
     1    0.01    0.07    0.04   10.04 ^ clk (in)
                                         clk (net)
                  0.07    0.00   10.04 ^ clkbuf_0_clk/A (sky130_fd_sc_hd__clkbuf_16)
     4    0.03    0.05    0.14   10.18 ^ clkbuf_0_clk/X (sky130_fd_sc_hd__clkbuf_16)
                                         clknet_0_clk (net)
                  0.05    0.00   10.18 ^ clkbuf_2_0__f_clk/A (sky130_fd_sc_hd__clkbuf_16)
    13    0.03    0.05    0.13   10.32 ^ clkbuf_2_0__f_clk/X (sky130_fd_sc_hd__clkbuf_16)
                                         clknet_2_0__leaf_clk (net)
                  0.05    0.00   10.32 ^ _4196_/CLK (sky130_fd_sc_hd__dfrtp_1)
                         -0.25   10.07   clock uncertainty
                          0.00   10.07   clock reconvergence pessimism
                         -0.12    9.95   library setup time
                                  9.95   data required time
-----------------------------------------------------------------------------
                                  9.95   data required time
                                 -5.01   data arrival time
-----------------------------------------------------------------------------
                                  4.94   slack (MET)




===========================================================================
report_checks --slack_max -0.01
============================================================================
======================= Typical Corner ===================================

No paths found.


===========================================================================
 report_check_types -max_slew -max_cap -max_fanout -violators
============================================================================
======================= Typical Corner ===================================

max fanout

Pin                                   Limit Fanout  Slack
---------------------------------------------------------
clkbuf_2_0__f_clk/X                      10     13     -3 (VIOLATED)


max slew violations count Typical: 0
max fanout violations count Typical: 1
max cap violations count Typical: 0

===========================================================================
report_parasitic_annotation -report_unannotated
============================================================================
Found 3 unannotated drivers.
 clkload0/Y
 clkload1/Y
 clkload2/Y
Found 639 partially unannotated drivers.
 A[16]
 B[0]
 _2120_/X
 _2121_/X
 _2122_/Y
 _2125_/X
 _2126_/Y
 _2129_/X
 _2130_/Y
 _2134_/X
 _2135_/Y
 _2137_/X
 _2141_/Y
 _2144_/Y
 _2149_/Y
 _2150_/X
 _2153_/Y
 _2154_/X
 _2157_/Y
 _2166_/Y
 _2167_/X
 _2168_/Y
 _2170_/X
 _2173_/Y
 _2175_/X
 _2178_/X
 _2181_/Y
 _2183_/X
 _2185_/Y
 _2187_/Y
 _2195_/X
 _2198_/Y
 _2199_/X
 _2204_/X
 _2205_/Y
 _2207_/X
 _2208_/X
 _2209_/X
 _2211_/X
 _2212_/Y
 _2214_/Y
 _2217_/Y
 _2218_/X
 _2220_/X
 _2224_/X
 _2231_/Y
 _2232_/X
 _2235_/Y
 _2242_/Y
 _2247_/Y
 _2248_/Y
 _2255_/X
 _2257_/Y
 _2258_/Y
 _2265_/Y
 _2268_/Y
 _2272_/Y
 _2280_/Y
 _2288_/Y
 _2292_/Y
 _2297_/X
 _2305_/X
 _2311_/Y
 _2312_/Y
 _2315_/X
 _2316_/X
 _2317_/X
 _2320_/X
 _2321_/X
 _2323_/X
 _2324_/Y
 _2325_/X
 _2329_/X
 _2333_/X
 _2335_/X
 _2337_/Y
 _2338_/X
 _2340_/X
 _2341_/X
 _2343_/X
 _2344_/X
 _2349_/X
 _2350_/X
 _2352_/X
 _2361_/X
 _2363_/X
 _2366_/X
 _2369_/X
 _2371_/Y
 _2372_/X
 _2373_/X
 _2374_/X
 _2375_/X
 _2376_/X
 _2379_/X
 _2381_/X
 _2383_/X
 _2384_/Y
 _2385_/X
 _2386_/X
 _2395_/Y
 _2396_/Y
 _2399_/X
 _2402_/Y
 _2404_/X
 _2414_/Y
 _2415_/Y
 _2423_/Y
 _2429_/Y
 _2430_/Y
 _2431_/X
 _2433_/X
 _2435_/X
 _2437_/X
 _2439_/X
 _2442_/Y
 _2449_/X
 _2451_/X
 _2452_/Y
 _2454_/X
 _2455_/X
 _2457_/X
 _2458_/X
 _2460_/X
 _2461_/X
 _2463_/X
 _2464_/X
 _2465_/X
 _2466_/X
 _2469_/X
 _2470_/X
 _2471_/X
 _2472_/X
 _2474_/Y
 _2475_/X
 _2476_/X
 _2477_/X
 _2479_/X
 _2480_/X
 _2481_/X
 _2482_/X
 _2484_/X
 _2485_/X
 _2486_/X
 _2487_/X
 _2491_/Y
 _2493_/X
 _2497_/X
 _2498_/X
 _2502_/X
 _2503_/Y
 _2505_/X
 _2506_/Y
 _2508_/Y
 _2509_/X
 _2511_/Y
 _2512_/X
 _2513_/X
 _2515_/X
 _2521_/X
 _2522_/Y
 _2523_/X
 _2524_/X
 _2525_/X
 _2526_/X
 _2528_/Y
 _2530_/X
 _2536_/X
 _2538_/X
 _2539_/X
 _2540_/X
 _2542_/Y
 _2543_/Y
 _2548_/X
 _2552_/X
 _2557_/X
 _2558_/X
 _2559_/Y
 _2560_/Y
 _2561_/X
 _2564_/X
 _2565_/Y
 _2566_/X
 _2567_/Y
 _2568_/X
 _2570_/X
 _2576_/Y
 _2583_/Y
 _2586_/X
 _2588_/X
 _2591_/X
 _2598_/X
 _2599_/Y
 _2600_/X
 _2601_/X
 _2603_/X
 _2605_/Y
 _2610_/Y
 _2612_/Y
 _2613_/X
 _2617_/X
 _2618_/X
 _2619_/X
 _2620_/X
 _2622_/X
 _2624_/X
 _2631_/X
 _2638_/Y
 _2656_/Y
 _2672_/Y
 _2675_/Y
 _2679_/X
 _2683_/X
 _2687_/X
 _2691_/Y
 _2693_/X
 _2694_/X
 _2695_/X
 _2698_/X
 _2700_/X
 _2701_/X
 _2703_/X
 _2704_/X
 _2705_/X
 _2712_/Y
 _2713_/Y
 _2716_/X
 _2717_/Y
 _2718_/X
 _2720_/X
 _2723_/X
 _2726_/Y
 _2735_/X
 _2736_/X
 _2737_/X
 _2742_/Y
 _2744_/Y
 _2747_/X
 _2749_/X
 _2751_/Y
 _2755_/Y
 _2759_/X
 _2760_/Y
 _2762_/X
 _2763_/Y
 _2764_/X
 _2765_/X
 _2766_/Y
 _2768_/Y
 _2769_/X
 _2771_/X
 _2772_/X
 _2774_/Y
 _2775_/Y
 _2776_/Y
 _2778_/Y
 _2779_/Y
 _2785_/X
 _2786_/X
 _2789_/X
 _2794_/Y
 _2800_/Y
 _2801_/Y
 _2803_/Y
 _2805_/X
 _2809_/X
 _2810_/Y
 _2811_/Y
 _2812_/Y
 _2813_/X
 _2815_/X
 _2817_/X
 _2818_/X
 _2820_/X
 _2821_/X
 _2823_/X
 _2824_/X
 _2825_/X
 _2829_/X
 _2832_/X
 _2833_/X
 _2834_/X
 _2835_/X
 _2836_/X
 _2840_/X
 _2841_/X
 _2844_/X
 _2849_/Y
 _2850_/X
 _2851_/X
 _2856_/X
 _2862_/X
 _2863_/X
 _2865_/X
 _2866_/X
 _2867_/X
 _2868_/X
 _2870_/Y
 _2872_/X
 _2875_/X
 _2876_/X
 _2878_/X
 _2879_/X
 _2880_/X
 _2882_/X
 _2883_/Y
 _2885_/X
 _2887_/X
 _2892_/X
 _2893_/X
 _2898_/Y
 _2900_/X
 _2902_/Y
 _2905_/X
 _2906_/X
 _2907_/Y
 _2910_/X
 _2913_/X
 _2915_/X
 _2916_/X
 _2918_/X
 _2920_/X
 _2922_/X
 _2926_/X
 _2928_/X
 _2929_/X
 _2932_/X
 _2933_/Y
 _2934_/X
 _2941_/Y
 _2944_/Y
 _2950_/X
 _2951_/X
 _2952_/X
 _2954_/X
 _2955_/X
 _2958_/X
 _2961_/X
 _2962_/X
 _2963_/X
 _2974_/X
 _2976_/X
 _2977_/X
 _2981_/X
 _2984_/Y
 _2985_/X
 _2986_/X
 _2987_/X
 _2988_/Y
 _2990_/X
 _2991_/X
 _2993_/X
 _2995_/Y
 _2996_/X
 _2998_/X
 _3000_/Y
 _3002_/X
 _3013_/Y
 _3020_/X
 _3021_/X
 _3023_/X
 _3026_/Y
 _3027_/Y
 _3028_/X
 _3029_/X
 _3033_/X
 _3035_/X
 _3039_/X
 _3043_/X
 _3046_/X
 _3047_/X
 _3048_/Y
 _3049_/X
 _3061_/X
 _3062_/X
 _3066_/X
 _3069_/X
 _3072_/Y
 _3088_/X
 _3089_/X
 _3092_/X
 _3093_/X
 _3096_/Y
 _3098_/X
 _3099_/X
 _3102_/X
 _3103_/X
 _3104_/Y
 _3106_/X
 _3107_/X
 _3112_/X
 _3115_/Y
 _3120_/Y
 _3121_/X
 _3122_/X
 _3125_/Y
 _3126_/X
 _3141_/Y
 _3148_/X
 _3149_/X
 _3150_/Y
 _3151_/X
 _3152_/X
 _3153_/X
 _3157_/X
 _3162_/X
 _3163_/X
 _3165_/X
 _3166_/X
 _3168_/X
 _3170_/Y
 _3173_/X
 _3174_/X
 _3175_/X
 _3180_/Y
 _3181_/Y
 _3200_/X
 _3201_/X
 _3203_/X
 _3206_/X
 _3209_/X
 _3210_/X
 _3212_/X
 _3214_/X
 _3220_/X
 _3224_/X
 _3225_/X
 _3226_/X
 _3233_/Y
 _3235_/Y
 _3257_/X
 _3258_/X
 _3259_/X
 _3261_/X
 _3272_/X
 _3273_/X
 _3282_/X
 _3286_/X
 _3290_/X
 _3291_/X
 _3292_/X
 _3293_/X
 _3299_/X
 _3302_/X
 _3309_/Y
 _3311_/X
 _3331_/X
 _3332_/X
 _3335_/Y
 _3336_/Y
 _3338_/Y
 _3343_/X
 _3356_/X
 _3357_/X
 _3358_/X
 _3360_/X
 _3361_/X
 _3367_/X
 _3370_/Y
 _3371_/Y
 _3385_/X
 _3389_/X
 _3390_/X
 _3399_/Y
 _3400_/X
 _3405_/X
 _3408_/X
 _3409_/X
 _3410_/X
 _3416_/X
 _3421_/X
 _3430_/Y
 _3431_/X
 _3448_/X
 _3451_/Y
 _3452_/X
 _3457_/X
 _3460_/X
 _3478_/X
 _3479_/X
 _3480_/Y
 _3483_/Y
 _3489_/X
 _3490_/X
 _3493_/X
 _3495_/X
 _3499_/X
 _3500_/Y
 _3506_/X
 _3521_/X
 _3523_/X
 _3524_/X
 _3525_/X
 _3527_/Y
 _3529_/Y
 _3530_/X
 _3537_/Y
 _3544_/X
 _3547_/X
 _3549_/X
 _3558_/X
 _3566_/X
 _3569_/X
 _3573_/X
 _3574_/Y
 _3581_/X
 _3583_/Y
 _3584_/X
 _3585_/X
 _3589_/X
 _3601_/X
 _3602_/X
 _3605_/X
 _3611_/X
 _3615_/X
 _3617_/X
 _3621_/X
 _3622_/X
 _3624_/X
 _3626_/X
 _3628_/X
 _3630_/Y
 _3631_/X
 _3640_/Y
 _3663_/Y
 _3669_/X
 _3670_/Y
 _3672_/X
 _3673_/Y
 _3676_/Y
 _3696_/Y
 _3697_/X
 _3702_/X
 _3704_/X
 _3705_/X
 _3711_/X
 _3713_/X
 _3726_/X
 _3727_/X
 _3728_/Y
 _3729_/X
 _3731_/X
 _3743_/Y
 _3745_/X
 _3751_/Y
 _3756_/Y
 _3757_/X
 _3758_/X
 _3759_/Y
 _3761_/Y
 _3773_/X
 _3780_/X
 _3784_/X
 _3787_/Y
 _3789_/X
 _3795_/X
 _3803_/X
 _3806_/X
 _3808_/X
 _3820_/X
 _3821_/Y
 _3824_/Y
 _3847_/X
 _3852_/Y
 _3853_/Y
 _3856_/X
 _3868_/Y
 _3874_/X
 _3886_/Y
 _3903_/Y
 _3913_/X
 _3917_/Y
 _3940_/X
 _3947_/X
 _3967_/X
 _3974_/X
 _3992_/X
 _3999_/X
 _4000_/X
 _4008_/X
 _4026_/X
 _4037_/X
 _4040_/Y
 _4057_/X
 _4066_/X
 _4083_/X
 _4084_/X
 _4086_/X
 _4096_/X
 _4104_/Y
 _4124_/X
 _4137_/Y
 _4175_/X
 _4179_/Y
 _4181_/Y
 _4207_/Q
 _4215_/Q
 clkbuf_0_clk/X
 clkbuf_2_3__f_clk/X
 fanout122/X
 fanout123/X
 fanout124/X
 input10/X
 input11/X
 input13/X
 input14/X
 input15/X
 input16/X
 input18/X
 input2/X
 input22/X
 input24/X
 input25/X
 input35/X
 input36/X
 input47/X
 input48/X
 input49/X
 input50/X
 input51/X
 input52/X
 input53/X
 input54/X
 input56/X
 input57/X
 input59/X
 input6/X
 input62/X
 input65/X
 input66/X
 input69/X
 input7/X
 input8/X
 input9/X
 max_cap117/X
 max_cap118/X
 output78/X
 wire109/X
 wire110/X

===========================================================================
max slew violation count 0
max fanout violation count 1
max cap violation count 0
============================================================================

===========================================================================
check_setup -verbose -unconstrained_endpoints -multiple_clock -no_clock -no_input_delay -loops -generated_clocks
===========================================================================
