
===========================================================================
report_checks -unconstrained
===========================================================================
======================= nom_tt_025C_1v80 Corner ===================================

Startpoint: B[9] (input port clocked by __VIRTUAL_CLK__)
Endpoint: zero (output port clocked by __VIRTUAL_CLK__)
Path Group: __VIRTUAL_CLK__
Path Type: max

Fanout         Cap        Slew       Delay        Time   Description
---------------------------------------------------------------------------------------------
                      0.000000    0.000000    0.000000   clock __VIRTUAL_CLK__ (rise edge)
                                  0.000000    0.000000   clock network delay (ideal)
                                  5.000000    5.000000 v input external delay
     1    0.002739    0.008490    0.004309    5.004309 v B[9] (in)
                                                         B[9] (net)
                      0.008490    0.000000    5.004309 v input64/A (sky130_fd_sc_hd__clkbuf_2)
     2    0.025675    0.101964    0.149210    5.153518 v input64/X (sky130_fd_sc_hd__clkbuf_2)
                                                         net64 (net)
                      0.101964    0.000221    5.153739 v fanout207/A (sky130_fd_sc_hd__buf_6)
     8    0.031786    0.041798    0.160934    5.314673 v fanout207/X (sky130_fd_sc_hd__buf_6)
                                                         net207 (net)
                      0.041798    0.000189    5.314862 v fanout206/A (sky130_fd_sc_hd__buf_2)
     9    0.035362    0.092058    0.180434    5.495296 v fanout206/X (sky130_fd_sc_hd__buf_2)
                                                         net206 (net)
                      0.092059    0.000504    5.495800 v fanout205/A (sky130_fd_sc_hd__clkbuf_4)
    10    0.030876    0.073497    0.198574    5.694374 v fanout205/X (sky130_fd_sc_hd__clkbuf_4)
                                                         net205 (net)
                      0.073505    0.000796    5.695170 v _4959_/B1 (sky130_fd_sc_hd__a22o_2)
     2    0.004283    0.044599    0.218326    5.913496 v _4959_/X (sky130_fd_sc_hd__a22o_2)
                                                         _0635_ (net)
                      0.044599    0.000004    5.913500 v _4961_/A3 (sky130_fd_sc_hd__a31o_2)
     2    0.013019    0.060719    0.271875    6.185375 v _4961_/X (sky130_fd_sc_hd__a31o_2)
                                                         _0637_ (net)
                      0.060719    0.000036    6.185411 v _4969_/B1 (sky130_fd_sc_hd__a21o_4)
     2    0.013872    0.045382    0.200979    6.386390 v _4969_/X (sky130_fd_sc_hd__a21o_4)
                                                         _0646_ (net)
                      0.045382    0.000050    6.386440 v _5043_/A2 (sky130_fd_sc_hd__a21o_4)
     3    0.012098    0.044263    0.221514    6.607955 v _5043_/X (sky130_fd_sc_hd__a21o_4)
                                                         _0727_ (net)
                      0.044263    0.000005    6.607960 v _5044_/C (sky130_fd_sc_hd__and3_4)
     2    0.008770    0.038209    0.181631    6.789591 v _5044_/X (sky130_fd_sc_hd__and3_4)
                                                         _0728_ (net)
                      0.038209    0.000014    6.789605 v _5061_/C1 (sky130_fd_sc_hd__a211o_4)
     3    0.010776    0.058730    0.273395    7.062999 v _5061_/X (sky130_fd_sc_hd__a211o_4)
                                                         _0747_ (net)
                      0.058730    0.000095    7.063094 v _5063_/A2 (sky130_fd_sc_hd__a211o_4)
     4    0.019661    0.072631    0.366847    7.429942 v _5063_/X (sky130_fd_sc_hd__a211o_4)
                                                         _0749_ (net)
                      0.072631    0.000156    7.430098 v _5081_/A (sky130_fd_sc_hd__and3_4)
     3    0.013010    0.043627    0.171733    7.601831 v _5081_/X (sky130_fd_sc_hd__and3_4)
                                                         _0769_ (net)
                      0.043627    0.000020    7.601851 v _5166_/B (sky130_fd_sc_hd__or3_4)
     2    0.007039    0.069885    0.366829    7.968680 v _5166_/X (sky130_fd_sc_hd__or3_4)
                                                         _0862_ (net)
                      0.069885    0.000019    7.968699 v _5169_/A1 (sky130_fd_sc_hd__a211o_4)
     2    0.008020    0.054756    0.332546    8.301245 v _5169_/X (sky130_fd_sc_hd__a211o_4)
                                                         _0866_ (net)
                      0.054756    0.000041    8.301285 v _5170_/C (sky130_fd_sc_hd__and3_4)
     5    0.018690    0.050208    0.204213    8.505498 v _5170_/X (sky130_fd_sc_hd__and3_4)
                                                         _0867_ (net)
                      0.050208    0.000020    8.505518 v _5251_/A1 (sky130_fd_sc_hd__o21ba_4)
     2    0.013496    0.046473    0.231080    8.736598 v _5251_/X (sky130_fd_sc_hd__o21ba_4)
                                                         _0956_ (net)
                      0.046473    0.000038    8.736636 v _5252_/B1 (sky130_fd_sc_hd__a211o_4)
     5    0.022233    0.075929    0.342308    9.078944 v _5252_/X (sky130_fd_sc_hd__a211o_4)
                                                         _0957_ (net)
                      0.075929    0.000165    9.079109 v _5836_/C1 (sky130_fd_sc_hd__o211a_4)
     2    0.004748    0.039024    0.145266    9.224376 v _5836_/X (sky130_fd_sc_hd__o211a_4)
                                                         _1599_ (net)
                      0.039024    0.000015    9.224390 v _5840_/B (sky130_fd_sc_hd__or3_4)
     4    0.013977    0.081132    0.386274    9.610664 v _5840_/X (sky130_fd_sc_hd__or3_4)
                                                         _1604_ (net)
                      0.081132    0.000033    9.610698 v _5842_/C1 (sky130_fd_sc_hd__o211a_4)
     2    0.006546    0.041378    0.151150    9.761847 v _5842_/X (sky130_fd_sc_hd__o211a_4)
                                                         _1606_ (net)
                      0.041378    0.000090    9.761937 v _5856_/B (sky130_fd_sc_hd__or4bb_4)
     2    0.006084    0.087720    0.513292   10.275229 v _5856_/X (sky130_fd_sc_hd__or4bb_4)
                                                         _1621_ (net)
                      0.087720    0.000020   10.275249 v _5872_/C1 (sky130_fd_sc_hd__a2111o_2)
     2    0.009791    0.082530    0.440850   10.716099 v _5872_/X (sky130_fd_sc_hd__a2111o_2)
                                                         _1639_ (net)
                      0.082530    0.000174   10.716272 v _5877_/A2 (sky130_fd_sc_hd__a2111o_2)
     2    0.008070    0.077179    0.495314   11.211587 v _5877_/X (sky130_fd_sc_hd__a2111o_2)
                                                         _1644_ (net)
                      0.077179    0.000062   11.211649 v _5917_/A1 (sky130_fd_sc_hd__a21o_4)
     3    0.007925    0.037538    0.213005   11.424654 v _5917_/X (sky130_fd_sc_hd__a21o_4)
                                                         _1688_ (net)
                      0.037538    0.000050   11.424704 v _5936_/A2 (sky130_fd_sc_hd__a221o_2)
     2    0.009897    0.072886    0.404890   11.829594 v _5936_/X (sky130_fd_sc_hd__a221o_2)
                                                         _1709_ (net)
                      0.072886    0.000195   11.829789 v _5941_/A2 (sky130_fd_sc_hd__a211o_4)
     3    0.018066    0.071158    0.369846   12.199635 v _5941_/X (sky130_fd_sc_hd__a211o_4)
                                                         _1715_ (net)
                      0.071158    0.000846   12.200481 v _6982_/A1 (sky130_fd_sc_hd__a311o_2)
     2    0.007170    0.065322    0.336763   12.537244 v _6982_/X (sky130_fd_sc_hd__a311o_2)
                                                         net94 (net)
                      0.065322    0.000066   12.537310 v _6994_/C (sky130_fd_sc_hd__or4b_4)
     1    0.008025    0.092465    0.495088   13.032397 v _6994_/X (sky130_fd_sc_hd__or4b_4)
                                                         _2841_ (net)
                      0.092465    0.000012   13.032409 v _6995_/D (sky130_fd_sc_hd__nor4_4)
     1    0.005202    0.202436    0.150872   13.183281 ^ _6995_/Y (sky130_fd_sc_hd__nor4_4)
                                                         net103 (net)
                      0.202436    0.000007   13.183288 ^ output103/A (sky130_fd_sc_hd__buf_6)
     1    0.035582    0.080459    0.170153   13.353440 ^ output103/X (sky130_fd_sc_hd__buf_6)
                                                         zero (net)
                      0.080460    0.000448   13.353889 ^ zero (out)
                                             13.353889   data arrival time

                      0.000000   25.000000   25.000000   clock __VIRTUAL_CLK__ (rise edge)
                                  0.000000   25.000000   clock network delay (ideal)
                                 -0.250000   24.750000   clock uncertainty
                                  0.000000   24.750000   clock reconvergence pessimism
                                 -5.000000   19.750000   output external delay
                                             19.750000   data required time
---------------------------------------------------------------------------------------------
                                             19.750000   data required time
                                            -13.353889   data arrival time
---------------------------------------------------------------------------------------------
                                              6.396111   slack (MET)




===========================================================================
report_checks --slack_max -0.01
============================================================================
======================= nom_tt_025C_1v80 Corner ===================================

No paths found.


===========================================================================
 report_check_types -max_slew -max_cap -max_fanout -violators
============================================================================
======================= nom_tt_025C_1v80 Corner ===================================



===========================================================================
report_parasitic_annotation -report_unannotated
============================================================================
Found 0 unannotated drivers.
Found 0 partially unannotated drivers.

===========================================================================
max slew violation count 0
Writing metric design__max_slew_violation__count__corner:nom_tt_025C_1v80: 0
max fanout violation count 0
Writing metric design__max_fanout_violation__count__corner:nom_tt_025C_1v80: 0
max cap violation count 0
Writing metric design__max_cap_violation__count__corner:nom_tt_025C_1v80: 0
============================================================================

===========================================================================
check_setup -verbose -unconstrained_endpoints -multiple_clock -no_clock -no_input_delay -loops -generated_clocks
===========================================================================
