
===========================================================================
Violator List
============================================================================
[setup in-out] B[1] -> zero : -3.438211
[setup in-out] B[1] -> overflow : -3.283189
[setup in-out] B[1] -> result[31] : -2.871330
[setup in-out] B[1] -> result[30] : -2.663365
[setup in-out] B[1] -> result[29] : -2.574570
[setup in-out] B[0] -> result[27] : -2.559746
[setup in-out] B[1] -> result[28] : -2.556798
[setup in-out] B[0] -> carry : -2.375710
[setup in-out] B[1] -> result[26] : -2.277195
[setup in-out] B[1] -> result[24] : -2.218825
[setup in-out] B[1] -> result[23] : -2.166088
[setup in-out] B[1] -> result[22] : -2.138883
[setup in-out] B[1] -> result[25] : -2.091553
[setup in-out] B[1] -> result[21] : -1.828867
[setup in-out] B[1] -> result[19] : -1.721085
[setup in-out] B[1] -> result[17] : -1.710655
[setup in-out] B[1] -> result[18] : -1.707015
[setup in-out] B[2] -> result[0] : -1.629986
[setup in-out] B[1] -> result[20] : -1.367458
[setup in-out] B[1] -> result[16] : -1.223023
[setup in-out] B[1] -> result[15] : -1.162119
[setup in-out] B[1] -> result[14] : -1.081758
[setup in-out] B[1] -> result[13] : -0.865266
[setup in-out] B[1] -> result[12] : -0.721852
[setup in-out] A[1] -> result[11] : -0.137600
[setup in-out] A[1] -> result[9] : -0.046811
[setup in-out] A[1] -> result[10] : -0.013953
