
===========================================================================
 report_power
============================================================================
======================= min_ff_n40C_1v95 Corner ===================================

Group                    Internal    Switching      Leakage        Total
                            Power        Power        Power        Power (Watts)
------------------------------------------------------------------------
Sequential           0.000000e+00 0.000000e+00 0.000000e+00 0.000000e+00   0.0%
Combinational        5.981755e-03 7.030530e-03 4.835180e-08 1.301233e-02 100.0%
Clock                -1.686252e-10 0.000000e+00 2.909110e-08 2.892248e-08   0.0%
Macro                0.000000e+00 0.000000e+00 0.000000e+00 0.000000e+00   0.0%
Pad                  0.000000e+00 0.000000e+00 0.000000e+00 0.000000e+00   0.0%
------------------------------------------------------------------------
Total                5.981755e-03 7.030530e-03 7.744302e-08 1.301236e-02 100.0%
                            46.0%        54.0%         0.0%

