
===========================================================================
Violator List
============================================================================
[setup in-out] B[10] -> zero : -2.777632
[setup in-out] B[10] -> overflow : -2.709062
[setup in-out] B[10] -> result[31] : -2.303551
[setup in-out] B[10] -> result[30] : -2.104516
[setup in-out] B[10] -> result[29] : -2.026374
[setup in-out] A[5] -> result[27] : -2.025949
[setup in-out] B[10] -> result[28] : -2.016022
[setup in-out] B[0] -> carry : -1.802365
[setup in-out] B[10] -> result[26] : -1.719263
[setup in-out] B[10] -> result[22] : -1.610999
[setup in-out] B[10] -> result[24] : -1.602193
[setup in-out] B[10] -> result[23] : -1.549489
[setup in-out] B[10] -> result[25] : -1.544745
[setup in-out] B[1] -> result[21] : -1.213977
[setup in-out] B[1] -> result[18] : -1.126828
[setup in-out] B[1] -> result[19] : -1.106697
[setup in-out] B[1] -> result[17] : -1.088858
[setup in-out] B[2] -> result[0] : -0.912570
[setup in-out] B[1] -> result[20] : -0.797476
[setup in-out] B[1] -> result[16] : -0.680982
[setup in-out] B[1] -> result[15] : -0.620418
[setup in-out] B[1] -> result[14] : -0.547460
[setup in-out] B[1] -> result[13] : -0.397363
[setup in-out] B[1] -> result[12] : -0.252120
Writing metric timing__hold_vio__count__corner:nom_tt_025C_1v80: 0
Writing metric timing__hold_r2r__ws__corner:nom_tt_025C_1v80: 1e30
Writing metric timing__hold_r2r_vio__count__corner:nom_tt_025C_1v80: 0
Writing metric timing__setup_vio__count__corner:nom_tt_025C_1v80: 24
Writing metric timing__setup_r2r__ws__corner:nom_tt_025C_1v80: 1e30
Writing metric timing__setup_r2r_vio__count__corner:nom_tt_025C_1v80: 0
