
===========================================================================
 report_power
============================================================================
======================= max_ss_100C_1v60 Corner ===================================

Group                    Internal    Switching      Leakage        Total
                            Power        Power        Power        Power (Watts)
------------------------------------------------------------------------
Sequential           0.000000e+00 0.000000e+00 0.000000e+00 0.000000e+00   0.0%
Combinational        4.438899e-03 5.005612e-03 2.378847e-05 9.468299e-03 100.0%
Clock                -6.984290e-11 0.000000e+00 2.321105e-08 2.314121e-08   0.0%
Macro                0.000000e+00 0.000000e+00 0.000000e+00 0.000000e+00   0.0%
Pad                  0.000000e+00 0.000000e+00 0.000000e+00 0.000000e+00   0.0%
------------------------------------------------------------------------
Total                4.438899e-03 5.005612e-03 2.381169e-05 9.468323e-03 100.0%
                            46.9%        52.9%         0.3%

