
===========================================================================
report_checks -unconstrained
===========================================================================
======================= max_ff_n40C_1v95 Corner ===================================

Startpoint: B[1] (input port clocked by __VIRTUAL_CLK__)
Endpoint: zero (output port clocked by __VIRTUAL_CLK__)
Path Group: __VIRTUAL_CLK__
Path Type: max

Fanout         Cap        Slew       Delay        Time   Description
---------------------------------------------------------------------------------------------
                      0.000000    0.000000    0.000000   clock __VIRTUAL_CLK__ (rise edge)
                                  0.000000    0.000000   clock network delay (ideal)
                                  5.000000    5.000000 ^ input external delay
     1    0.008077    0.031962    0.020637    5.020638 ^ B[1] (in)
                                                         B[1] (net)
                      0.031975    0.000000    5.020638 ^ input44/A (sky130_fd_sc_hd__clkdlybuf4s25_1)
     2    0.029405    0.223916    0.292944    5.313581 ^ input44/X (sky130_fd_sc_hd__clkdlybuf4s25_1)
                                                         net44 (net)
                      0.223935    0.002158    5.315740 ^ fanout371/A (sky130_fd_sc_hd__buf_2)
     7    0.070789    0.258788    0.255775    5.571515 ^ fanout371/X (sky130_fd_sc_hd__buf_2)
                                                         net371 (net)
                      0.259144    0.007907    5.579422 ^ fanout366/A (sky130_fd_sc_hd__clkbuf_2)
     7    0.052995    0.221458    0.227170    5.806592 ^ fanout366/X (sky130_fd_sc_hd__clkbuf_2)
                                                         net366 (net)
                      0.221805    0.007195    5.813787 ^ fanout365/A (sky130_fd_sc_hd__clkbuf_2)
     5    0.029396    0.126491    0.162596    5.976383 ^ fanout365/X (sky130_fd_sc_hd__clkbuf_2)
                                                         net365 (net)
                      0.126620    0.003283    5.979665 ^ _3503_/A (sky130_fd_sc_hd__inv_2)
     5    0.058829    0.100545    0.103625    6.083291 v _3503_/Y (sky130_fd_sc_hd__inv_2)
                                                         _0260_ (net)
                      0.100668    0.002927    6.086217 v fanout160/A (sky130_fd_sc_hd__clkdlybuf4s25_1)
     3    0.021315    0.113315    0.255279    6.341497 v fanout160/X (sky130_fd_sc_hd__clkdlybuf4s25_1)
                                                         net160 (net)
                      0.113335    0.001497    6.342993 v wire161/A (sky130_fd_sc_hd__buf_4)
     6    0.063126    0.068571    0.162910    6.505904 v wire161/X (sky130_fd_sc_hd__buf_4)
                                                         net161 (net)
                      0.069897    0.007588    6.513491 v _5368_/B (sky130_fd_sc_hd__nor2_2)
     3    0.014384    0.126904    0.122513    6.636004 ^ _5368_/Y (sky130_fd_sc_hd__nor2_2)
                                                         _1084_ (net)
                      0.126911    0.000767    6.636771 ^ _5370_/B (sky130_fd_sc_hd__and3_2)
     2    0.007543    0.043843    0.131670    6.768442 ^ _5370_/X (sky130_fd_sc_hd__and3_2)
                                                         _1087_ (net)
                      0.043845    0.000304    6.768746 ^ _5397_/A (sky130_fd_sc_hd__nor2_2)
     1    0.008602    0.033517    0.030817    6.799562 v _5397_/Y (sky130_fd_sc_hd__nor2_2)
                                                         _1116_ (net)
                      0.033537    0.000665    6.800227 v _5410_/B (sky130_fd_sc_hd__xnor2_2)
     2    0.014065    0.065757    0.100833    6.901060 v _5410_/Y (sky130_fd_sc_hd__xnor2_2)
                                                         _1131_ (net)
                      0.065778    0.000897    6.901957 v _5412_/A (sky130_fd_sc_hd__xnor2_2)
     3    0.020457    0.220429    0.213306    7.115263 ^ _5412_/Y (sky130_fd_sc_hd__xnor2_2)
                                                         _1133_ (net)
                      0.220461    0.002121    7.117384 ^ _5413_/C (sky130_fd_sc_hd__and3_2)
     2    0.008886    0.049603    0.143934    7.261318 ^ _5413_/X (sky130_fd_sc_hd__and3_2)
                                                         _1134_ (net)
                      0.049610    0.000584    7.261901 ^ _5505_/B1 (sky130_fd_sc_hd__a211oi_2)
     2    0.007761    0.040943    0.033532    7.295434 v _5505_/Y (sky130_fd_sc_hd__a211oi_2)
                                                         _1235_ (net)
                      0.040944    0.000432    7.295866 v max_cap114/A (sky130_fd_sc_hd__clkbuf_2)
     5    0.022900    0.063748    0.109462    7.405328 v max_cap114/X (sky130_fd_sc_hd__clkbuf_2)
                                                         net114 (net)
                      0.063776    0.001246    7.406573 v _5559_/A1 (sky130_fd_sc_hd__o21ba_2)
     2    0.008682    0.035855    0.152322    7.558895 v _5559_/X (sky130_fd_sc_hd__o21ba_2)
                                                         _1295_ (net)
                      0.035866    0.000589    7.559484 v _5560_/C (sky130_fd_sc_hd__or3_4)
     4    0.016688    0.059510    0.215939    7.775423 v _5560_/X (sky130_fd_sc_hd__or3_4)
                                                         _1296_ (net)
                      0.059518    0.000716    7.776139 v _5609_/A1 (sky130_fd_sc_hd__a21o_2)
     2    0.008874    0.035697    0.137940    7.914079 v _5609_/X (sky130_fd_sc_hd__a21o_2)
                                                         _1350_ (net)
                      0.035705    0.000524    7.914603 v _5612_/A2 (sky130_fd_sc_hd__a211o_2)
     3    0.011785    0.052247    0.224961    8.139564 v _5612_/X (sky130_fd_sc_hd__a211o_2)
                                                         _1353_ (net)
                      0.052256    0.000674    8.140238 v _5617_/A2 (sky130_fd_sc_hd__a211o_2)
     2    0.007999    0.044027    0.220479    8.360717 v _5617_/X (sky130_fd_sc_hd__a211o_2)
                                                         _1358_ (net)
                      0.044027    0.000432    8.361149 v _5650_/C1 (sky130_fd_sc_hd__o211a_2)
     3    0.014236    0.049592    0.095749    8.456898 v _5650_/X (sky130_fd_sc_hd__o211a_2)
                                                         _1395_ (net)
                      0.049661    0.000916    8.457813 v _5817_/B (sky130_fd_sc_hd__nor2_4)
     2    0.008558    0.061386    0.067088    8.524901 ^ _5817_/Y (sky130_fd_sc_hd__nor2_4)
                                                         _1578_ (net)
                      0.061387    0.000587    8.525488 ^ _5818_/A4 (sky130_fd_sc_hd__a41oi_2)
     1    0.005902    0.060973    0.073635    8.599123 v _5818_/Y (sky130_fd_sc_hd__a41oi_2)
                                                         _1579_ (net)
                      0.060974    0.000426    8.599549 v wire105/A (sky130_fd_sc_hd__buf_6)
     4    0.021924    0.026638    0.095894    8.695444 v wire105/X (sky130_fd_sc_hd__buf_6)
                                                         net105 (net)
                      0.026843    0.001973    8.697416 v rebuffer704/A (sky130_fd_sc_hd__buf_2)
     2    0.006248    0.022392    0.076795    8.774212 v rebuffer704/X (sky130_fd_sc_hd__buf_2)
                                                         net704 (net)
                      0.022402    0.000377    8.774589 v _5872_/A1 (sky130_fd_sc_hd__a2111o_2)
     2    0.015308    0.069150    0.279024    9.053613 v _5872_/X (sky130_fd_sc_hd__a2111o_2)
                                                         _1639_ (net)
                      0.069150    0.001462    9.055075 v _5877_/A2 (sky130_fd_sc_hd__a2111o_2)
     2    0.009893    0.057704    0.311115    9.366189 v _5877_/X (sky130_fd_sc_hd__a2111o_2)
                                                         _1644_ (net)
                      0.057704    0.000442    9.366632 v rebuffer693/A (sky130_fd_sc_hd__buf_2)
     2    0.008540    0.025767    0.092979    9.459610 v rebuffer693/X (sky130_fd_sc_hd__buf_2)
                                                         net693 (net)
                      0.025781    0.000548    9.460158 v _6872_/A2 (sky130_fd_sc_hd__a21oi_2)
     3    0.014695    0.145908    0.145660    9.605819 ^ _6872_/Y (sky130_fd_sc_hd__a21oi_2)
                                                         _2714_ (net)
                      0.145916    0.000926    9.606745 ^ _6886_/A1 (sky130_fd_sc_hd__o21bai_2)
     2    0.043219    0.130190    0.133806    9.740551 v _6886_/Y (sky130_fd_sc_hd__o21bai_2)
                                                         net87 (net)
                      0.130348    0.003733    9.744284 v _6991_/A (sky130_fd_sc_hd__or3_4)
     1    0.016642    0.059627    0.283468   10.027752 v _6991_/X (sky130_fd_sc_hd__or3_4)
                                                         _2838_ (net)
                      0.059745    0.002024   10.029777 v _6992_/D (sky130_fd_sc_hd__nor4_4)
     1    0.009846    0.185091    0.127635   10.157412 ^ _6992_/Y (sky130_fd_sc_hd__nor4_4)
                                                         _2839_ (net)
                      0.185092    0.000846   10.158257 ^ wire104/A (sky130_fd_sc_hd__clkbuf_2)
     1    0.029610    0.127091    0.159949   10.318207 ^ wire104/X (sky130_fd_sc_hd__clkbuf_2)
                                                         net104 (net)
                      0.127157    0.002363   10.320570 ^ _6994_/D_N (sky130_fd_sc_hd__or4b_4)
     1    0.008163    0.063097    0.285193   10.605762 v _6994_/X (sky130_fd_sc_hd__or4b_4)
                                                         _2841_ (net)
                      0.063098    0.000618   10.606381 v _6995_/D (sky130_fd_sc_hd__nor4_4)
     1    0.005163    0.143820    0.099701   10.706081 ^ _6995_/Y (sky130_fd_sc_hd__nor4_4)
                                                         net103 (net)
                      0.143820    0.000242   10.706324 ^ output103/A (sky130_fd_sc_hd__buf_6)
     1    0.037014    0.062426    0.104036   10.810359 ^ output103/X (sky130_fd_sc_hd__buf_6)
                                                         zero (net)
                      0.062565    0.002355   10.812714 ^ zero (out)
                                             10.812714   data arrival time

                      0.000000   25.000000   25.000000   clock __VIRTUAL_CLK__ (rise edge)
                                  0.000000   25.000000   clock network delay (ideal)
                                 -0.250000   24.750000   clock uncertainty
                                  0.000000   24.750000   clock reconvergence pessimism
                                 -5.000000   19.750000   output external delay
                                             19.750000   data required time
---------------------------------------------------------------------------------------------
                                             19.750000   data required time
                                            -10.812714   data arrival time
---------------------------------------------------------------------------------------------
                                              8.937285   slack (MET)




===========================================================================
report_checks --slack_max -0.01
============================================================================
======================= max_ff_n40C_1v95 Corner ===================================

No paths found.


===========================================================================
 report_check_types -max_slew -max_cap -max_fanout -violators
============================================================================
======================= max_ff_n40C_1v95 Corner ===================================

max slew

Pin                                        Limit        Slew       Slack
------------------------------------------------------------------------
_6824_/B1                               0.750000    0.904054   -0.154054 (VIOLATED)
_6778_/B1                               0.750000    0.904025   -0.154025 (VIOLATED)
_6742_/B1                               0.750000    0.903973   -0.153973 (VIOLATED)
_6720_/A1                               0.750000    0.903930   -0.153930 (VIOLATED)
_6690_/B1                               0.750000    0.903869   -0.153869 (VIOLATED)
_6601_/B1                               0.750000    0.903823   -0.153823 (VIOLATED)
_6933_/A1                               0.750000    0.903786   -0.153786 (VIOLATED)
_6443_/B1                               0.750000    0.903775   -0.153775 (VIOLATED)
_6204_/B1                               0.750000    0.903773   -0.153773 (VIOLATED)
_6487_/B1                               0.750000    0.903750   -0.153750 (VIOLATED)
fanout152/X                             0.750000    0.903696   -0.153696 (VIOLATED)
_6810_/B1                               0.750000    0.840609   -0.090609 (VIOLATED)
_6844_/A2_N                             0.750000    0.840462   -0.090462 (VIOLATED)
_6864_/B1                               0.750000    0.840445   -0.090445 (VIOLATED)
_6892_/B1                               0.750000    0.840307   -0.090307 (VIOLATED)
_6928_/B1                               0.750000    0.840265   -0.090265 (VIOLATED)
_6941_/B1                               0.750000    0.840027   -0.090027 (VIOLATED)
_6964_/B1                               0.750000    0.839728   -0.089728 (VIOLATED)
_6979_/B1                               0.750000    0.839567   -0.089567 (VIOLATED)
fanout126/A                             0.750000    0.838799   -0.088799 (VIOLATED)
fanout125/A                             0.750000    0.838791   -0.088791 (VIOLATED)
fanout127/X                             0.750000    0.838784   -0.088784 (VIOLATED)
_6669_/B1                               0.750000    0.823261   -0.073261 (VIOLATED)
_6704_/A1                               0.750000    0.823256   -0.073256 (VIOLATED)
_6773_/A1                               0.750000    0.823092   -0.073092 (VIOLATED)
_6792_/B1                               0.750000    0.823033   -0.073033 (VIOLATED)
_6777_/A                                0.750000    0.823002   -0.073002 (VIOLATED)
_6870_/A1                               0.750000    0.822991   -0.072991 (VIOLATED)
_6841_/A                                0.750000    0.822842   -0.072842 (VIOLATED)
_6873_/B1                               0.750000    0.822751   -0.072751 (VIOLATED)
_6906_/B1                               0.750000    0.822695   -0.072695 (VIOLATED)
_6063_/B1                               0.750000    0.822487   -0.072487 (VIOLATED)
fanout142/X                             0.750000    0.822445   -0.072445 (VIOLATED)



===========================================================================
report_parasitic_annotation -report_unannotated
============================================================================
Found 0 unannotated drivers.
Found 0 partially unannotated drivers.

===========================================================================
max slew violation count 33
max fanout violation count 0
max cap violation count 0
============================================================================

===========================================================================
check_setup -verbose -unconstrained_endpoints -multiple_clock -no_clock -no_input_delay -loops -generated_clocks
===========================================================================
