
===========================================================================
report_checks -unconstrained
===========================================================================
======================= max_ff_n40C_1v95 Corner ===================================

Startpoint: B[1] (input port clocked by __VIRTUAL_CLK__)
Endpoint: zero (output port clocked by __VIRTUAL_CLK__)
Path Group: __VIRTUAL_CLK__
Path Type: max

Fanout         Cap        Slew       Delay        Time   Description
---------------------------------------------------------------------------------------------
                      0.000000    0.000000    0.000000   clock __VIRTUAL_CLK__ (rise edge)
                                  0.000000    0.000000   clock network delay (ideal)
                                  2.000000    2.000000 ^ input external delay
     1    0.009508    0.036858    0.023993    2.023993 ^ B[1] (in)
                                                         B[1] (net)
                      0.036861    0.000000    2.023993 ^ input44/A (sky130_fd_sc_hd__clkdlybuf4s25_1)
     2    0.029648    0.225655    0.295623    2.319617 ^ input44/X (sky130_fd_sc_hd__clkdlybuf4s25_1)
                                                         net44 (net)
                      0.225673    0.002151    2.321768 ^ fanout356/A (sky130_fd_sc_hd__clkdlybuf4s25_1)
     2    0.011046    0.090065    0.228921    2.550689 ^ fanout356/X (sky130_fd_sc_hd__clkdlybuf4s25_1)
                                                         net356 (net)
                      0.090074    0.000948    2.551637 ^ wire357/A (sky130_fd_sc_hd__clkbuf_4)
     6    0.073388    0.169412    0.195880    2.747517 ^ wire357/X (sky130_fd_sc_hd__clkbuf_4)
                                                         net357 (net)
                      0.170816    0.012426    2.759943 ^ fanout349/A (sky130_fd_sc_hd__clkdlybuf4s25_1)
     4    0.020428    0.158407    0.271445    3.031388 ^ fanout349/X (sky130_fd_sc_hd__clkdlybuf4s25_1)
                                                         net349 (net)
                      0.158414    0.001265    3.032652 ^ load_slew350/A (sky130_fd_sc_hd__buf_4)
     7    0.051018    0.110466    0.151160    3.183812 ^ load_slew350/X (sky130_fd_sc_hd__buf_4)
                                                         net350 (net)
                      0.110961    0.005985    3.189797 ^ _3503_/A (sky130_fd_sc_hd__inv_2)
     4    0.059831    0.099821    0.100106    3.289903 v _3503_/Y (sky130_fd_sc_hd__inv_2)
                                                         _0260_ (net)
                      0.100201    0.005057    3.294960 v fanout165/A (sky130_fd_sc_hd__clkbuf_4)
    10    0.122650    0.168343    0.228505    3.523465 v fanout165/X (sky130_fd_sc_hd__clkbuf_4)
                                                         net165 (net)
                      0.171606    0.018783    3.542248 v _5368_/B (sky130_fd_sc_hd__nor2_2)
     3    0.014913    0.138888    0.164419    3.706666 ^ _5368_/Y (sky130_fd_sc_hd__nor2_2)
                                                         _1084_ (net)
                      0.138890    0.000443    3.707109 ^ _5370_/B (sky130_fd_sc_hd__and3_2)
     2    0.009221    0.049705    0.138379    3.845488 ^ _5370_/X (sky130_fd_sc_hd__and3_2)
                                                         _1087_ (net)
                      0.049712    0.000601    3.846089 ^ _5397_/A (sky130_fd_sc_hd__nor2_2)
     1    0.008622    0.034811    0.032252    3.878341 v _5397_/Y (sky130_fd_sc_hd__nor2_2)
                                                         _1116_ (net)
                      0.034830    0.000662    3.879003 v _5410_/B (sky130_fd_sc_hd__xnor2_2)
     2    0.014239    0.064897    0.101698    3.980700 v _5410_/Y (sky130_fd_sc_hd__xnor2_2)
                                                         _1131_ (net)
                      0.064919    0.000918    3.981619 v _5412_/A (sky130_fd_sc_hd__xnor2_2)
     2    0.013689    0.163793    0.172026    4.153645 ^ _5412_/Y (sky130_fd_sc_hd__xnor2_2)
                                                         _1133_ (net)
                      0.163866    0.001386    4.155030 ^ rebuffer711/A (sky130_fd_sc_hd__buf_2)
     2    0.008015    0.038664    0.098982    4.254012 ^ rebuffer711/X (sky130_fd_sc_hd__buf_2)
                                                         net711 (net)
                      0.038667    0.000319    4.254331 ^ rebuffer710/A (sky130_fd_sc_hd__buf_2)
     1    0.005035    0.026075    0.067014    4.321345 ^ rebuffer710/X (sky130_fd_sc_hd__buf_2)
                                                         net710 (net)
                      0.026077    0.000240    4.321585 ^ _5414_/C (sky130_fd_sc_hd__nand3_2)
     2    0.011446    0.065996    0.056410    4.377995 v _5414_/Y (sky130_fd_sc_hd__nand3_2)
                                                         _1135_ (net)
                      0.066009    0.000759    4.378755 v _5415_/A2 (sky130_fd_sc_hd__a211o_4)
     4    0.020553    0.053535    0.239996    4.618752 v _5415_/X (sky130_fd_sc_hd__a211o_4)
                                                         _1136_ (net)
                      0.053535    0.001197    4.619948 v _5417_/B (sky130_fd_sc_hd__and3_2)
     5    0.023316    0.059811    0.166063    4.786011 v _5417_/X (sky130_fd_sc_hd__and3_2)
                                                         _1138_ (net)
                      0.059845    0.001326    4.787338 v _5511_/B (sky130_fd_sc_hd__or3_4)
     2    0.011540    0.053716    0.238556    5.025894 v _5511_/X (sky130_fd_sc_hd__or3_4)
                                                         _1242_ (net)
                      0.053716    0.000880    5.026774 v _5563_/A1 (sky130_fd_sc_hd__a21oi_4)
     2    0.010136    0.093737    0.103251    5.130025 ^ _5563_/Y (sky130_fd_sc_hd__a21oi_4)
                                                         _1299_ (net)
                      0.093739    0.000711    5.130735 ^ _5564_/B1 (sky130_fd_sc_hd__a211oi_2)
     4    0.018458    0.068563    0.055622    5.186357 v _5564_/Y (sky130_fd_sc_hd__a211oi_2)
                                                         _1300_ (net)
                      0.068600    0.001259    5.187617 v max_cap110/A (sky130_fd_sc_hd__clkbuf_2)
     3    0.012803    0.040232    0.101695    5.289312 v max_cap110/X (sky130_fd_sc_hd__clkbuf_2)
                                                         net110 (net)
                      0.040261    0.000985    5.290297 v _5567_/B1 (sky130_fd_sc_hd__a211o_2)
     2    0.007799    0.043631    0.153235    5.443532 v _5567_/X (sky130_fd_sc_hd__a211o_2)
                                                         _1303_ (net)
                      0.043631    0.000408    5.443940 v _5615_/A1 (sky130_fd_sc_hd__a211o_2)
     2    0.006397    0.041084    0.189222    5.633162 v _5615_/X (sky130_fd_sc_hd__a211o_2)
                                                         _1356_ (net)
                      0.041084    0.000356    5.633519 v _5652_/A (sky130_fd_sc_hd__and2_4)
     2    0.018262    0.034951    0.105577    5.739096 v _5652_/X (sky130_fd_sc_hd__and2_4)
                                                         _1397_ (net)
                      0.034996    0.001106    5.740202 v _5818_/A2 (sky130_fd_sc_hd__a41oi_4)
     2    0.021865    0.201764    0.174103    5.914305 ^ _5818_/Y (sky130_fd_sc_hd__a41oi_4)
                                                         _1579_ (net)
                      0.201772    0.002509    5.916814 ^ rebuffer693/A (sky130_fd_sc_hd__buf_6)
     4    0.016647    0.036236    0.085807    6.002621 ^ rebuffer693/X (sky130_fd_sc_hd__buf_6)
                                                         net693 (net)
                      0.036263    0.000862    6.003483 ^ _5821_/A2 (sky130_fd_sc_hd__a21o_4)
     2    0.012608    0.035748    0.080305    6.083788 ^ _5821_/X (sky130_fd_sc_hd__a21o_4)
                                                         _1583_ (net)
                      0.035759    0.000580    6.084367 ^ _6739_/A (sky130_fd_sc_hd__xor2_2)
     1    0.007312    0.036957    0.044173    6.128540 v _6739_/X (sky130_fd_sc_hd__xor2_2)
                                                         _2576_ (net)
                      0.036960    0.000580    6.129120 v _6753_/A2 (sky130_fd_sc_hd__a211o_4)
     2    0.020982    0.055832    0.229542    6.358662 v _6753_/X (sky130_fd_sc_hd__a211o_4)
                                                         net78 (net)
                      0.055837    0.002094    6.360756 v _6989_/C (sky130_fd_sc_hd__or4_4)
     1    0.010075    0.065259    0.300256    6.661012 v _6989_/X (sky130_fd_sc_hd__or4_4)
                                                         _2836_ (net)
                      0.065259    0.000652    6.661664 v _6990_/C (sky130_fd_sc_hd__or3_4)
     1    0.017118    0.060127    0.225614    6.887278 v _6990_/X (sky130_fd_sc_hd__or3_4)
                                                         _2837_ (net)
                      0.060173    0.001454    6.888731 v _6991_/C (sky130_fd_sc_hd__or3_4)
     1    0.010552    0.052660    0.211935    7.100667 v _6991_/X (sky130_fd_sc_hd__or3_4)
                                                         _2838_ (net)
                      0.052660    0.001123    7.101789 v _6992_/D (sky130_fd_sc_hd__nor4_4)
     1    0.011510    0.198129    0.135528    7.237317 ^ _6992_/Y (sky130_fd_sc_hd__nor4_4)
                                                         _2839_ (net)
                      0.198131    0.001263    7.238580 ^ wire104/A (sky130_fd_sc_hd__clkbuf_2)
     1    0.027546    0.118530    0.155710    7.394289 ^ wire104/X (sky130_fd_sc_hd__clkbuf_2)
                                                         net104 (net)
                      0.118593    0.002235    7.396524 ^ _6994_/D_N (sky130_fd_sc_hd__or4b_4)
     1    0.008251    0.063202    0.284719    7.681243 v _6994_/X (sky130_fd_sc_hd__or4b_4)
                                                         _2841_ (net)
                      0.063204    0.000624    7.681868 v _6995_/D (sky130_fd_sc_hd__nor4_4)
     1    0.005851    0.149361    0.103991    7.785859 ^ _6995_/Y (sky130_fd_sc_hd__nor4_4)
                                                         net103 (net)
                      0.149362    0.000448    7.786307 ^ output103/A (sky130_fd_sc_hd__buf_6)
     1    0.036925    0.062348    0.103619    7.889926 ^ output103/X (sky130_fd_sc_hd__buf_6)
                                                         zero (net)
                      0.062619    0.003283    7.893209 ^ zero (out)
                                              7.893209   data arrival time

                      0.000000   10.000000   10.000000   clock __VIRTUAL_CLK__ (rise edge)
                                  0.000000   10.000000   clock network delay (ideal)
                                 -0.250000    9.750000   clock uncertainty
                                  0.000000    9.750000   clock reconvergence pessimism
                                 -2.000000    7.750000   output external delay
                                              7.750000   data required time
---------------------------------------------------------------------------------------------
                                              7.750000   data required time
                                             -7.893209   data arrival time
---------------------------------------------------------------------------------------------
                                             -0.143209   slack (VIOLATED)




===========================================================================
report_checks --slack_max -0.01
============================================================================
======================= max_ff_n40C_1v95 Corner ===================================

Startpoint: B[1] (input port clocked by __VIRTUAL_CLK__)
Endpoint: zero (output port clocked by __VIRTUAL_CLK__)
Path Group: __VIRTUAL_CLK__
Path Type: max

Fanout         Cap        Slew       Delay        Time   Description
---------------------------------------------------------------------------------------------
                      0.000000    0.000000    0.000000   clock __VIRTUAL_CLK__ (rise edge)
                                  0.000000    0.000000   clock network delay (ideal)
                                  2.000000    2.000000 ^ input external delay
     1    0.009508    0.036858    0.023993    2.023993 ^ B[1] (in)
                                                         B[1] (net)
                      0.036861    0.000000    2.023993 ^ input44/A (sky130_fd_sc_hd__clkdlybuf4s25_1)
     2    0.029648    0.225655    0.295623    2.319617 ^ input44/X (sky130_fd_sc_hd__clkdlybuf4s25_1)
                                                         net44 (net)
                      0.225673    0.002151    2.321768 ^ fanout356/A (sky130_fd_sc_hd__clkdlybuf4s25_1)
     2    0.011046    0.090065    0.228921    2.550689 ^ fanout356/X (sky130_fd_sc_hd__clkdlybuf4s25_1)
                                                         net356 (net)
                      0.090074    0.000948    2.551637 ^ wire357/A (sky130_fd_sc_hd__clkbuf_4)
     6    0.073388    0.169412    0.195880    2.747517 ^ wire357/X (sky130_fd_sc_hd__clkbuf_4)
                                                         net357 (net)
                      0.170816    0.012426    2.759943 ^ fanout349/A (sky130_fd_sc_hd__clkdlybuf4s25_1)
     4    0.020428    0.158407    0.271445    3.031388 ^ fanout349/X (sky130_fd_sc_hd__clkdlybuf4s25_1)
                                                         net349 (net)
                      0.158414    0.001265    3.032652 ^ load_slew350/A (sky130_fd_sc_hd__buf_4)
     7    0.051018    0.110466    0.151160    3.183812 ^ load_slew350/X (sky130_fd_sc_hd__buf_4)
                                                         net350 (net)
                      0.110961    0.005985    3.189797 ^ _3503_/A (sky130_fd_sc_hd__inv_2)
     4    0.059831    0.099821    0.100106    3.289903 v _3503_/Y (sky130_fd_sc_hd__inv_2)
                                                         _0260_ (net)
                      0.100201    0.005057    3.294960 v fanout165/A (sky130_fd_sc_hd__clkbuf_4)
    10    0.122650    0.168343    0.228505    3.523465 v fanout165/X (sky130_fd_sc_hd__clkbuf_4)
                                                         net165 (net)
                      0.171606    0.018783    3.542248 v _5368_/B (sky130_fd_sc_hd__nor2_2)
     3    0.014913    0.138888    0.164419    3.706666 ^ _5368_/Y (sky130_fd_sc_hd__nor2_2)
                                                         _1084_ (net)
                      0.138890    0.000443    3.707109 ^ _5370_/B (sky130_fd_sc_hd__and3_2)
     2    0.009221    0.049705    0.138379    3.845488 ^ _5370_/X (sky130_fd_sc_hd__and3_2)
                                                         _1087_ (net)
                      0.049712    0.000601    3.846089 ^ _5397_/A (sky130_fd_sc_hd__nor2_2)
     1    0.008622    0.034811    0.032252    3.878341 v _5397_/Y (sky130_fd_sc_hd__nor2_2)
                                                         _1116_ (net)
                      0.034830    0.000662    3.879003 v _5410_/B (sky130_fd_sc_hd__xnor2_2)
     2    0.014239    0.064897    0.101698    3.980700 v _5410_/Y (sky130_fd_sc_hd__xnor2_2)
                                                         _1131_ (net)
                      0.064919    0.000918    3.981619 v _5412_/A (sky130_fd_sc_hd__xnor2_2)
     2    0.013689    0.163793    0.172026    4.153645 ^ _5412_/Y (sky130_fd_sc_hd__xnor2_2)
                                                         _1133_ (net)
                      0.163866    0.001386    4.155030 ^ rebuffer711/A (sky130_fd_sc_hd__buf_2)
     2    0.008015    0.038664    0.098982    4.254012 ^ rebuffer711/X (sky130_fd_sc_hd__buf_2)
                                                         net711 (net)
                      0.038667    0.000319    4.254331 ^ rebuffer710/A (sky130_fd_sc_hd__buf_2)
     1    0.005035    0.026075    0.067014    4.321345 ^ rebuffer710/X (sky130_fd_sc_hd__buf_2)
                                                         net710 (net)
                      0.026077    0.000240    4.321585 ^ _5414_/C (sky130_fd_sc_hd__nand3_2)
     2    0.011446    0.065996    0.056410    4.377995 v _5414_/Y (sky130_fd_sc_hd__nand3_2)
                                                         _1135_ (net)
                      0.066009    0.000759    4.378755 v _5415_/A2 (sky130_fd_sc_hd__a211o_4)
     4    0.020553    0.053535    0.239996    4.618752 v _5415_/X (sky130_fd_sc_hd__a211o_4)
                                                         _1136_ (net)
                      0.053535    0.001197    4.619948 v _5417_/B (sky130_fd_sc_hd__and3_2)
     5    0.023316    0.059811    0.166063    4.786011 v _5417_/X (sky130_fd_sc_hd__and3_2)
                                                         _1138_ (net)
                      0.059845    0.001326    4.787338 v _5511_/B (sky130_fd_sc_hd__or3_4)
     2    0.011540    0.053716    0.238556    5.025894 v _5511_/X (sky130_fd_sc_hd__or3_4)
                                                         _1242_ (net)
                      0.053716    0.000880    5.026774 v _5563_/A1 (sky130_fd_sc_hd__a21oi_4)
     2    0.010136    0.093737    0.103251    5.130025 ^ _5563_/Y (sky130_fd_sc_hd__a21oi_4)
                                                         _1299_ (net)
                      0.093739    0.000711    5.130735 ^ _5564_/B1 (sky130_fd_sc_hd__a211oi_2)
     4    0.018458    0.068563    0.055622    5.186357 v _5564_/Y (sky130_fd_sc_hd__a211oi_2)
                                                         _1300_ (net)
                      0.068600    0.001259    5.187617 v max_cap110/A (sky130_fd_sc_hd__clkbuf_2)
     3    0.012803    0.040232    0.101695    5.289312 v max_cap110/X (sky130_fd_sc_hd__clkbuf_2)
                                                         net110 (net)
                      0.040261    0.000985    5.290297 v _5567_/B1 (sky130_fd_sc_hd__a211o_2)
     2    0.007799    0.043631    0.153235    5.443532 v _5567_/X (sky130_fd_sc_hd__a211o_2)
                                                         _1303_ (net)
                      0.043631    0.000408    5.443940 v _5615_/A1 (sky130_fd_sc_hd__a211o_2)
     2    0.006397    0.041084    0.189222    5.633162 v _5615_/X (sky130_fd_sc_hd__a211o_2)
                                                         _1356_ (net)
                      0.041084    0.000356    5.633519 v _5652_/A (sky130_fd_sc_hd__and2_4)
     2    0.018262    0.034951    0.105577    5.739096 v _5652_/X (sky130_fd_sc_hd__and2_4)
                                                         _1397_ (net)
                      0.034996    0.001106    5.740202 v _5818_/A2 (sky130_fd_sc_hd__a41oi_4)
     2    0.021865    0.201764    0.174103    5.914305 ^ _5818_/Y (sky130_fd_sc_hd__a41oi_4)
                                                         _1579_ (net)
                      0.201772    0.002509    5.916814 ^ rebuffer693/A (sky130_fd_sc_hd__buf_6)
     4    0.016647    0.036236    0.085807    6.002621 ^ rebuffer693/X (sky130_fd_sc_hd__buf_6)
                                                         net693 (net)
                      0.036263    0.000862    6.003483 ^ _5821_/A2 (sky130_fd_sc_hd__a21o_4)
     2    0.012608    0.035748    0.080305    6.083788 ^ _5821_/X (sky130_fd_sc_hd__a21o_4)
                                                         _1583_ (net)
                      0.035759    0.000580    6.084367 ^ _6739_/A (sky130_fd_sc_hd__xor2_2)
     1    0.007312    0.036957    0.044173    6.128540 v _6739_/X (sky130_fd_sc_hd__xor2_2)
                                                         _2576_ (net)
                      0.036960    0.000580    6.129120 v _6753_/A2 (sky130_fd_sc_hd__a211o_4)
     2    0.020982    0.055832    0.229542    6.358662 v _6753_/X (sky130_fd_sc_hd__a211o_4)
                                                         net78 (net)
                      0.055837    0.002094    6.360756 v _6989_/C (sky130_fd_sc_hd__or4_4)
     1    0.010075    0.065259    0.300256    6.661012 v _6989_/X (sky130_fd_sc_hd__or4_4)
                                                         _2836_ (net)
                      0.065259    0.000652    6.661664 v _6990_/C (sky130_fd_sc_hd__or3_4)
     1    0.017118    0.060127    0.225614    6.887278 v _6990_/X (sky130_fd_sc_hd__or3_4)
                                                         _2837_ (net)
                      0.060173    0.001454    6.888731 v _6991_/C (sky130_fd_sc_hd__or3_4)
     1    0.010552    0.052660    0.211935    7.100667 v _6991_/X (sky130_fd_sc_hd__or3_4)
                                                         _2838_ (net)
                      0.052660    0.001123    7.101789 v _6992_/D (sky130_fd_sc_hd__nor4_4)
     1    0.011510    0.198129    0.135528    7.237317 ^ _6992_/Y (sky130_fd_sc_hd__nor4_4)
                                                         _2839_ (net)
                      0.198131    0.001263    7.238580 ^ wire104/A (sky130_fd_sc_hd__clkbuf_2)
     1    0.027546    0.118530    0.155710    7.394289 ^ wire104/X (sky130_fd_sc_hd__clkbuf_2)
                                                         net104 (net)
                      0.118593    0.002235    7.396524 ^ _6994_/D_N (sky130_fd_sc_hd__or4b_4)
     1    0.008251    0.063202    0.284719    7.681243 v _6994_/X (sky130_fd_sc_hd__or4b_4)
                                                         _2841_ (net)
                      0.063204    0.000624    7.681868 v _6995_/D (sky130_fd_sc_hd__nor4_4)
     1    0.005851    0.149361    0.103991    7.785859 ^ _6995_/Y (sky130_fd_sc_hd__nor4_4)
                                                         net103 (net)
                      0.149362    0.000448    7.786307 ^ output103/A (sky130_fd_sc_hd__buf_6)
     1    0.036925    0.062348    0.103619    7.889926 ^ output103/X (sky130_fd_sc_hd__buf_6)
                                                         zero (net)
                      0.062619    0.003283    7.893209 ^ zero (out)
                                              7.893209   data arrival time

                      0.000000   10.000000   10.000000   clock __VIRTUAL_CLK__ (rise edge)
                                  0.000000   10.000000   clock network delay (ideal)
                                 -0.250000    9.750000   clock uncertainty
                                  0.000000    9.750000   clock reconvergence pessimism
                                 -2.000000    7.750000   output external delay
                                              7.750000   data required time
---------------------------------------------------------------------------------------------
                                              7.750000   data required time
                                             -7.893209   data arrival time
---------------------------------------------------------------------------------------------
                                             -0.143209   slack (VIOLATED)




===========================================================================
 report_check_types -max_slew -max_cap -max_fanout -violators
============================================================================
======================= max_ff_n40C_1v95 Corner ===================================

max slew

Pin                                        Limit        Slew       Slack
------------------------------------------------------------------------
_6906_/B1                               0.750000    0.850165   -0.100165 (VIOLATED)
_6841_/A                                0.750000    0.850155   -0.100155 (VIOLATED)
_6873_/B1                               0.750000    0.850150   -0.100150 (VIOLATED)
_6870_/A1                               0.750000    0.850035   -0.100035 (VIOLATED)
_6063_/B1                               0.750000    0.849740   -0.099740 (VIOLATED)
_6633_/B1                               0.750000    0.848176   -0.098176 (VIOLATED)
fanout146/A                             0.750000    0.847963   -0.097963 (VIOLATED)
fanout147/X                             0.750000    0.847889   -0.097889 (VIOLATED)
_6742_/B1                               0.750000    0.825378   -0.075378 (VIOLATED)
_6778_/B1                               0.750000    0.825377   -0.075377 (VIOLATED)
_6720_/A1                               0.750000    0.825337   -0.075337 (VIOLATED)
_6690_/B1                               0.750000    0.825271   -0.075271 (VIOLATED)
_6601_/B1                               0.750000    0.825155   -0.075155 (VIOLATED)
_6443_/B1                               0.750000    0.825104   -0.075104 (VIOLATED)
_6543_/A2                               0.750000    0.825093   -0.075093 (VIOLATED)
_6204_/B1                               0.750000    0.825074   -0.075074 (VIOLATED)
_6517_/B1                               0.750000    0.825041   -0.075041 (VIOLATED)
_6487_/B1                               0.750000    0.825031   -0.075031 (VIOLATED)
fanout157/X                             0.750000    0.824995   -0.074995 (VIOLATED)

max fanout

Pin                                   Limit Fanout  Slack
---------------------------------------------------------
fanout312/X                              10     11        (VIOLATED)



===========================================================================
report_parasitic_annotation -report_unannotated
============================================================================
Found 0 unannotated drivers.
Found 0 partially unannotated drivers.

===========================================================================
max slew violation count 19
max fanout violation count 1
max cap violation count 0
============================================================================

===========================================================================
check_setup -verbose -unconstrained_endpoints -multiple_clock -no_clock -no_input_delay -loops -generated_clocks
===========================================================================
