
===========================================================================
 report_power
============================================================================
======================= max_ff_n40C_1v95 Corner ===================================

Group                    Internal    Switching      Leakage        Total
                            Power        Power        Power        Power (Watts)
------------------------------------------------------------------------
Sequential           0.000000e+00 0.000000e+00 0.000000e+00 0.000000e+00   0.0%
Combinational        5.989556e-03 7.500804e-03 4.835180e-08 1.349041e-02 100.0%
Clock                -1.843869e-10 0.000000e+00 2.909110e-08 2.890672e-08   0.0%
Macro                0.000000e+00 0.000000e+00 0.000000e+00 0.000000e+00   0.0%
Pad                  0.000000e+00 0.000000e+00 0.000000e+00 0.000000e+00   0.0%
------------------------------------------------------------------------
Total                5.989556e-03 7.500804e-03 7.744302e-08 1.349044e-02 100.0%
                            44.4%        55.6%         0.0%

