
===========================================================================
report_checks -unconstrained
===========================================================================
======================= min_ff_n40C_1v95 Corner ===================================

Startpoint: B[1] (input port clocked by __VIRTUAL_CLK__)
Endpoint: zero (output port clocked by __VIRTUAL_CLK__)
Path Group: __VIRTUAL_CLK__
Path Type: max

Fanout         Cap        Slew       Delay        Time   Description
---------------------------------------------------------------------------------------------
                      0.000000    0.000000    0.000000   clock __VIRTUAL_CLK__ (rise edge)
                                  0.000000    0.000000   clock network delay (ideal)
                                  5.000000    5.000000 ^ input external delay
     1    0.007278    0.029335    0.018525    5.018525 ^ B[1] (in)
                                                         B[1] (net)
                      0.029336    0.000000    5.018525 ^ input44/A (sky130_fd_sc_hd__clkdlybuf4s25_1)
     2    0.025344    0.194047    0.272426    5.290950 ^ input44/X (sky130_fd_sc_hd__clkdlybuf4s25_1)
                                                         net44 (net)
                      0.194047    0.000672    5.291623 ^ fanout371/A (sky130_fd_sc_hd__buf_2)
     7    0.061289    0.224417    0.232527    5.524150 ^ fanout371/X (sky130_fd_sc_hd__buf_2)
                                                         net371 (net)
                      0.224468    0.002810    5.526960 ^ fanout366/A (sky130_fd_sc_hd__clkbuf_2)
     7    0.047551    0.199080    0.212606    5.739566 ^ fanout366/X (sky130_fd_sc_hd__clkbuf_2)
                                                         net366 (net)
                      0.199119    0.002290    5.741856 ^ fanout365/A (sky130_fd_sc_hd__clkbuf_2)
     5    0.027143    0.117210    0.155517    5.897373 ^ fanout365/X (sky130_fd_sc_hd__clkbuf_2)
                                                         net365 (net)
                      0.117213    0.000804    5.898177 ^ _3503_/A (sky130_fd_sc_hd__inv_2)
     5    0.052247    0.089000    0.096405    5.994581 v _3503_/Y (sky130_fd_sc_hd__inv_2)
                                                         _0260_ (net)
                      0.089006    0.000609    5.995191 v fanout160/A (sky130_fd_sc_hd__clkdlybuf4s25_1)
     3    0.018813    0.100987    0.242200    6.237391 v fanout160/X (sky130_fd_sc_hd__clkdlybuf4s25_1)
                                                         net160 (net)
                      0.100988    0.000508    6.237899 v wire161/A (sky130_fd_sc_hd__buf_4)
     6    0.057053    0.061383    0.157375    6.395274 v wire161/X (sky130_fd_sc_hd__buf_4)
                                                         net161 (net)
                      0.061451    0.001816    6.397090 v _5368_/B (sky130_fd_sc_hd__nor2_2)
     3    0.013729    0.121791    0.116199    6.513289 ^ _5368_/Y (sky130_fd_sc_hd__nor2_2)
                                                         _1084_ (net)
                      0.121791    0.000174    6.513463 ^ _5370_/B (sky130_fd_sc_hd__and3_2)
     2    0.007280    0.042920    0.130199    6.643662 ^ _5370_/X (sky130_fd_sc_hd__and3_2)
                                                         _1087_ (net)
                      0.042920    0.000037    6.643699 ^ _5397_/A (sky130_fd_sc_hd__nor2_2)
     1    0.008477    0.032521    0.030685    6.674384 v _5397_/Y (sky130_fd_sc_hd__nor2_2)
                                                         _1116_ (net)
                      0.032521    0.000082    6.674466 v _5410_/B (sky130_fd_sc_hd__xnor2_2)
     2    0.013775    0.063827    0.100173    6.774638 v _5410_/Y (sky130_fd_sc_hd__xnor2_2)
                                                         _1131_ (net)
                      0.063827    0.000115    6.774754 v _5412_/A (sky130_fd_sc_hd__xnor2_2)
     3    0.017903    0.199153    0.197606    6.972360 ^ _5412_/Y (sky130_fd_sc_hd__xnor2_2)
                                                         _1133_ (net)
                      0.199158    0.000758    6.973118 ^ _5413_/C (sky130_fd_sc_hd__and3_2)
     2    0.008590    0.048244    0.140881    7.113999 ^ _5413_/X (sky130_fd_sc_hd__and3_2)
                                                         _1134_ (net)
                      0.048244    0.000094    7.114093 ^ _5505_/B1 (sky130_fd_sc_hd__a211oi_2)
     2    0.007455    0.040198    0.032854    7.146946 v _5505_/Y (sky130_fd_sc_hd__a211oi_2)
                                                         _1235_ (net)
                      0.040198    0.000068    7.147014 v max_cap114/A (sky130_fd_sc_hd__clkbuf_2)
     5    0.022086    0.061790    0.108367    7.255381 v max_cap114/X (sky130_fd_sc_hd__clkbuf_2)
                                                         net114 (net)
                      0.061790    0.000190    7.255570 v _5559_/A1 (sky130_fd_sc_hd__o21ba_2)
     2    0.008217    0.034911    0.150751    7.406321 v _5559_/X (sky130_fd_sc_hd__o21ba_2)
                                                         _1295_ (net)
                      0.034911    0.000130    7.406451 v _5560_/C (sky130_fd_sc_hd__or3_4)
     4    0.015978    0.058544    0.214632    7.621083 v _5560_/X (sky130_fd_sc_hd__or3_4)
                                                         _1296_ (net)
                      0.058544    0.000130    7.621212 v _5609_/A1 (sky130_fd_sc_hd__a21o_2)
     2    0.008404    0.034754    0.136788    7.758001 v _5609_/X (sky130_fd_sc_hd__a21o_2)
                                                         _1350_ (net)
                      0.034754    0.000106    7.758106 v _5612_/A2 (sky130_fd_sc_hd__a211o_2)
     3    0.011164    0.050616    0.223273    7.981380 v _5612_/X (sky130_fd_sc_hd__a211o_2)
                                                         _1353_ (net)
                      0.050616    0.000139    7.981519 v _5617_/A2 (sky130_fd_sc_hd__a211o_2)
     2    0.007726    0.043452    0.219354    8.200873 v _5617_/X (sky130_fd_sc_hd__a211o_2)
                                                         _1358_ (net)
                      0.043452    0.000068    8.200940 v _5650_/C1 (sky130_fd_sc_hd__o211a_2)
     3    0.013927    0.049193    0.095471    8.296412 v _5650_/X (sky130_fd_sc_hd__o211a_2)
                                                         _1395_ (net)
                      0.049193    0.000126    8.296538 v _5817_/B (sky130_fd_sc_hd__nor2_4)
     2    0.008159    0.059922    0.065874    8.362412 ^ _5817_/Y (sky130_fd_sc_hd__nor2_4)
                                                         _1578_ (net)
                      0.059922    0.000082    8.362494 ^ _5818_/A4 (sky130_fd_sc_hd__a41oi_2)
     1    0.005617    0.059552    0.072601    8.435096 v _5818_/Y (sky130_fd_sc_hd__a41oi_2)
                                                         _1579_ (net)
                      0.059552    0.000075    8.435170 v wire105/A (sky130_fd_sc_hd__buf_6)
     4    0.019696    0.024931    0.094154    8.529325 v wire105/X (sky130_fd_sc_hd__buf_6)
                                                         net105 (net)
                      0.024960    0.000763    8.530087 v rebuffer704/A (sky130_fd_sc_hd__buf_2)
     2    0.005920    0.021945    0.075596    8.605683 v rebuffer704/X (sky130_fd_sc_hd__buf_2)
                                                         net704 (net)
                      0.021946    0.000064    8.605747 v _5872_/A1 (sky130_fd_sc_hd__a2111o_2)
     2    0.013340    0.065831    0.274095    8.879842 v _5872_/X (sky130_fd_sc_hd__a2111o_2)
                                                         _1639_ (net)
                      0.065835    0.000565    8.880407 v _5877_/A2 (sky130_fd_sc_hd__a2111o_2)
     2    0.009257    0.056321    0.308211    9.188618 v _5877_/X (sky130_fd_sc_hd__a2111o_2)
                                                         _1644_ (net)
                      0.056321    0.000158    9.188776 v rebuffer693/A (sky130_fd_sc_hd__buf_2)
     2    0.008224    0.025187    0.092107    9.280883 v rebuffer693/X (sky130_fd_sc_hd__buf_2)
                                                         net693 (net)
                      0.025187    0.000071    9.280954 v _6872_/A2 (sky130_fd_sc_hd__a21oi_2)
     3    0.014207    0.141774    0.143085    9.424039 ^ _6872_/Y (sky130_fd_sc_hd__a21oi_2)
                                                         _2714_ (net)
                      0.141775    0.000198    9.424236 ^ _6886_/A1 (sky130_fd_sc_hd__o21bai_2)
     2    0.036694    0.113237    0.122929    9.547166 v _6886_/Y (sky130_fd_sc_hd__o21bai_2)
                                                         net87 (net)
                      0.113253    0.001118    9.548285 v _6991_/A (sky130_fd_sc_hd__or3_4)
     1    0.015208    0.057685    0.275664    9.823948 v _6991_/X (sky130_fd_sc_hd__or3_4)
                                                         _2838_ (net)
                      0.057720    0.000666    9.824615 v _6992_/D (sky130_fd_sc_hd__nor4_4)
     1    0.008154    0.170857    0.116320    9.940934 ^ _6992_/Y (sky130_fd_sc_hd__nor4_4)
                                                         _2839_ (net)
                      0.170857    0.000262    9.941196 ^ wire104/A (sky130_fd_sc_hd__clkbuf_2)
     1    0.026932    0.116145    0.152306   10.093502 ^ wire104/X (sky130_fd_sc_hd__clkbuf_2)
                                                         net104 (net)
                      0.116190    0.000562   10.094065 ^ _6994_/D_N (sky130_fd_sc_hd__or4b_4)
     1    0.008072    0.062933    0.284167   10.378232 v _6994_/X (sky130_fd_sc_hd__or4b_4)
                                                         _2841_ (net)
                      0.062933    0.000069   10.378302 v _6995_/D (sky130_fd_sc_hd__nor4_4)
     1    0.005119    0.144475    0.099400   10.477701 ^ _6995_/Y (sky130_fd_sc_hd__nor4_4)
                                                         net103 (net)
                      0.144475    0.000020   10.477721 ^ output103/A (sky130_fd_sc_hd__buf_6)
     1    0.036404    0.061363    0.104357   10.582078 ^ output103/X (sky130_fd_sc_hd__buf_6)
                                                         zero (net)
                      0.061375    0.000830   10.582908 ^ zero (out)
                                             10.582908   data arrival time

                      0.000000   25.000000   25.000000   clock __VIRTUAL_CLK__ (rise edge)
                                  0.000000   25.000000   clock network delay (ideal)
                                 -0.250000   24.750000   clock uncertainty
                                  0.000000   24.750000   clock reconvergence pessimism
                                 -5.000000   19.750000   output external delay
                                             19.750000   data required time
---------------------------------------------------------------------------------------------
                                             19.750000   data required time
                                            -10.582908   data arrival time
---------------------------------------------------------------------------------------------
                                              9.167092   slack (MET)




===========================================================================
report_checks --slack_max -0.01
============================================================================
======================= min_ff_n40C_1v95 Corner ===================================

No paths found.


===========================================================================
 report_check_types -max_slew -max_cap -max_fanout -violators
============================================================================
======================= min_ff_n40C_1v95 Corner ===================================

max slew

Pin                                        Limit        Slew       Slack
------------------------------------------------------------------------
_6824_/B1                               0.750000    0.814835   -0.064835 (VIOLATED)
_6778_/B1                               0.750000    0.814832   -0.064832 (VIOLATED)
_6742_/B1                               0.750000    0.814828   -0.064828 (VIOLATED)
_6720_/A1                               0.750000    0.814824   -0.064824 (VIOLATED)
_6690_/B1                               0.750000    0.814820   -0.064820 (VIOLATED)
_6601_/B1                               0.750000    0.814819   -0.064819 (VIOLATED)
_6933_/A1                               0.750000    0.814818   -0.064818 (VIOLATED)
_6204_/B1                               0.750000    0.814817   -0.064817 (VIOLATED)
_6443_/B1                               0.750000    0.814816   -0.064816 (VIOLATED)
_6487_/B1                               0.750000    0.814815   -0.064815 (VIOLATED)
fanout152/X                             0.750000    0.814815   -0.064815 (VIOLATED)



===========================================================================
report_parasitic_annotation -report_unannotated
============================================================================
Found 0 unannotated drivers.
Found 0 partially unannotated drivers.

===========================================================================
max slew violation count 11
max fanout violation count 0
max cap violation count 0
============================================================================

===========================================================================
check_setup -verbose -unconstrained_endpoints -multiple_clock -no_clock -no_input_delay -loops -generated_clocks
===========================================================================
