┏━━━━━━━━━━━━━━━━━━━━━━┳━━━━━━━━━━┳━━━━━━━━━━┳━━━━━━━━━━┳━━━━━━━━━━┳━━━━━━━━━━━┳━━━━━━━━━━┳━━━━━━━━━━━┳━━━━━━━━━━┳━━━━━━━━━━━┳━━━━━━━━━━┳━━━━━━━━━━━┳━━━━━━━━━━┓
┃                      ┃ Hold     ┃ Reg to   ┃          ┃          ┃ of which  ┃ Setup    ┃           ┃          ┃           ┃ of which ┃           ┃          ┃
┃                      ┃ Worst    ┃ Reg      ┃          ┃ Hold Vio ┃ reg to    ┃ Worst    ┃ Reg to    ┃ Setup    ┃ Setup Vio ┃ reg to   ┃ Max Cap   ┃ Max Slew ┃
┃ Corner/Group         ┃ Slack    ┃ Paths    ┃ Hold TNS ┃ Count    ┃ reg       ┃ Slack    ┃ Reg Paths ┃ TNS      ┃ Count     ┃ reg      ┃ Violatio… ┃ Violati… ┃
┡━━━━━━━━━━━━━━━━━━━━━━╇━━━━━━━━━━╇━━━━━━━━━━╇━━━━━━━━━━╇━━━━━━━━━━╇━━━━━━━━━━━╇━━━━━━━━━━╇━━━━━━━━━━━╇━━━━━━━━━━╇━━━━━━━━━━━╇━━━━━━━━━━╇━━━━━━━━━━━╇━━━━━━━━━━┩
│ Overall              │ 4.0341   │ N/A      │ 0.0000   │ 0        │ 0         │ -14.7250 │ N/A       │ -270.57… │ 63        │ 0        │ 7         │ 2202     │
│ nom_tt_025C_1v80     │ 4.2017   │ N/A      │ 0.0000   │ 0        │ 0         │ -3.9017  │ N/A       │ -41.9270 │ 27        │ 0        │ 5         │ 1311     │
│ nom_ss_100C_1v60     │ 4.6057   │ N/A      │ 0.0000   │ 0        │ 0         │ -14.7250 │ N/A       │ -270.57… │ 35        │ 0        │ 7         │ 2202     │
│ nom_ff_n40C_1v95     │ 4.0341   │ N/A      │ 0.0000   │ 0        │ 0         │ -0.1931  │ N/A       │ -0.1931  │ 1         │ 0        │ 5         │ 553      │
└──────────────────────┴──────────┴──────────┴──────────┴──────────┴───────────┴──────────┴───────────┴──────────┴───────────┴──────────┴───────────┴──────────┘
