
===========================================================================
report_checks -path_delay min (Hold)
============================================================================
======================= nom_tt_025C_1v80 Corner ===================================

Startpoint: B[31] (input port clocked by __VIRTUAL_CLK__)
Endpoint: overflow (output port clocked by __VIRTUAL_CLK__)
Path Group: __VIRTUAL_CLK__
Path Type: min

Fanout         Cap        Slew       Delay        Time   Description
---------------------------------------------------------------------------------------------
                      0.000000    0.000000    0.000000   clock __VIRTUAL_CLK__ (rise edge)
                                  0.000000    0.000000   clock network delay (ideal)
                                  2.000000    2.000000 v input external delay
     6    0.017504    0.040994    0.028153    2.028153 v B[31] (in)
                                                         B[31] (net)
                      0.040994    0.000000    2.028153 v _6349_/B (sky130_fd_sc_hd__nor2_2)
     1    0.001611    0.049339    0.058406    2.086558 ^ _6349_/Y (sky130_fd_sc_hd__nor2_2)
                                                         _2163_ (net)
                      0.049339    0.000000    2.086558 ^ _6997_/A0 (sky130_fd_sc_hd__mux2_1)
     1    0.001795    0.034886    0.107864    2.194422 ^ _6997_/X (sky130_fd_sc_hd__mux2_1)
                                                         _2843_ (net)
                      0.034886    0.000000    2.194422 ^ _6998_/B1 (sky130_fd_sc_hd__a2bb2o_2)
     1    0.033442    0.177251    0.257234    2.451656 ^ _6998_/X (sky130_fd_sc_hd__a2bb2o_2)
                                                         overflow (net)
                      0.177251    0.000000    2.451656 ^ overflow (out)
                                              2.451656   data arrival time

                      0.000000    0.000000    0.000000   clock __VIRTUAL_CLK__ (rise edge)
                                  0.000000    0.000000   clock network delay (ideal)
                                  0.250000    0.250000   clock uncertainty
                                  0.000000    0.250000   clock reconvergence pessimism
                                 -2.000000   -1.750000   output external delay
                                             -1.750000   data required time
---------------------------------------------------------------------------------------------
                                             -1.750000   data required time
                                             -2.451656   data arrival time
---------------------------------------------------------------------------------------------
                                              4.201656   slack (MET)


Startpoint: B[31] (input port clocked by __VIRTUAL_CLK__)
Endpoint: carry (output port clocked by __VIRTUAL_CLK__)
Path Group: __VIRTUAL_CLK__
Path Type: min

Fanout         Cap        Slew       Delay        Time   Description
---------------------------------------------------------------------------------------------
                      0.000000    0.000000    0.000000   clock __VIRTUAL_CLK__ (rise edge)
                                  0.000000    0.000000   clock network delay (ideal)
                                  2.000000    2.000000 ^ input external delay
     6    0.019566    0.095525    0.064127    2.064127 ^ B[31] (in)
                                                         B[31] (net)
                      0.095525    0.000000    2.064127 ^ _6065_/B (sky130_fd_sc_hd__nand2_2)
     4    0.012270    0.061116    0.084990    2.149118 v _6065_/Y (sky130_fd_sc_hd__nand2_2)
                                                         _1851_ (net)
                      0.061116    0.000000    2.149118 v _6999_/A (sky130_fd_sc_hd__nand2_2)
     1    0.002418    0.029824    0.052171    2.201288 ^ _6999_/Y (sky130_fd_sc_hd__nand2_2)
                                                         _2845_ (net)
                      0.029824    0.000000    2.201288 ^ _7000_/A3 (sky130_fd_sc_hd__a32o_2)
     1    0.033442    0.203856    0.287718    2.489007 ^ _7000_/X (sky130_fd_sc_hd__a32o_2)
                                                         carry (net)
                      0.203856    0.000000    2.489007 ^ carry (out)
                                              2.489007   data arrival time

                      0.000000    0.000000    0.000000   clock __VIRTUAL_CLK__ (rise edge)
                                  0.000000    0.000000   clock network delay (ideal)
                                  0.250000    0.250000   clock uncertainty
                                  0.000000    0.250000   clock reconvergence pessimism
                                 -2.000000   -1.750000   output external delay
                                             -1.750000   data required time
---------------------------------------------------------------------------------------------
                                             -1.750000   data required time
                                             -2.489007   data arrival time
---------------------------------------------------------------------------------------------
                                              4.239007   slack (MET)


Startpoint: opcode[0] (input port clocked by __VIRTUAL_CLK__)
Endpoint: result[0] (output port clocked by __VIRTUAL_CLK__)
Path Group: __VIRTUAL_CLK__
Path Type: min

Fanout         Cap        Slew       Delay        Time   Description
---------------------------------------------------------------------------------------------
                      0.000000    0.000000    0.000000   clock __VIRTUAL_CLK__ (rise edge)
                                  0.000000    0.000000   clock network delay (ideal)
                                  2.000000    2.000000 ^ input external delay
    12    0.029197    0.138683    0.094178    2.094178 ^ opcode[0] (in)
                                                         opcode[0] (net)
                      0.138683    0.000000    2.094178 ^ _6353_/C (sky130_fd_sc_hd__and4bb_2)
     1    0.002524    0.050237    0.227322    2.321500 ^ _6353_/X (sky130_fd_sc_hd__and4bb_2)
                                                         _2167_ (net)
                      0.050237    0.000000    2.321500 ^ _6408_/B1 (sky130_fd_sc_hd__a211o_2)
     2    0.035091    0.170246    0.197315    2.518815 ^ _6408_/X (sky130_fd_sc_hd__a211o_2)
                                                         result[0] (net)
                      0.170246    0.000000    2.518815 ^ result[0] (out)
                                              2.518815   data arrival time

                      0.000000    0.000000    0.000000   clock __VIRTUAL_CLK__ (rise edge)
                                  0.000000    0.000000   clock network delay (ideal)
                                  0.250000    0.250000   clock uncertainty
                                  0.000000    0.250000   clock reconvergence pessimism
                                 -2.000000   -1.750000   output external delay
                                             -1.750000   data required time
---------------------------------------------------------------------------------------------
                                             -1.750000   data required time
                                             -2.518815   data arrival time
---------------------------------------------------------------------------------------------
                                              4.268815   slack (MET)


Startpoint: opcode[3] (input port clocked by __VIRTUAL_CLK__)
Endpoint: result[20] (output port clocked by __VIRTUAL_CLK__)
Path Group: __VIRTUAL_CLK__
Path Type: min

Fanout         Cap        Slew       Delay        Time   Description
---------------------------------------------------------------------------------------------
                      0.000000    0.000000    0.000000   clock __VIRTUAL_CLK__ (rise edge)
                                  0.000000    0.000000   clock network delay (ideal)
                                  2.000000    2.000000 v input external delay
    10    0.025557    0.058169    0.040915    2.040915 v opcode[3] (in)
                                                         opcode[3] (net)
                      0.058169    0.000000    2.040915 v _6060_/B (sky130_fd_sc_hd__nand2b_2)
     6    0.015460    0.098379    0.107981    2.148896 ^ _6060_/Y (sky130_fd_sc_hd__nand2b_2)
                                                         _1846_ (net)
                      0.098379    0.000000    2.148896 ^ _6061_/B (sky130_fd_sc_hd__nor2_2)
    15    0.032582    0.082525    0.099810    2.248706 v _6061_/Y (sky130_fd_sc_hd__nor2_2)
                                                         _1847_ (net)
                      0.082525    0.000000    2.248706 v _6820_/A1 (sky130_fd_sc_hd__a21o_2)
     2    0.034730    0.103294    0.277861    2.526567 v _6820_/X (sky130_fd_sc_hd__a21o_2)
                                                         result[20] (net)
                      0.103294    0.000000    2.526567 v result[20] (out)
                                              2.526567   data arrival time

                      0.000000    0.000000    0.000000   clock __VIRTUAL_CLK__ (rise edge)
                                  0.000000    0.000000   clock network delay (ideal)
                                  0.250000    0.250000   clock uncertainty
                                  0.000000    0.250000   clock reconvergence pessimism
                                 -2.000000   -1.750000   output external delay
                                             -1.750000   data required time
---------------------------------------------------------------------------------------------
                                             -1.750000   data required time
                                             -2.526567   data arrival time
---------------------------------------------------------------------------------------------
                                              4.276567   slack (MET)


Startpoint: opcode[3] (input port clocked by __VIRTUAL_CLK__)
Endpoint: result[29] (output port clocked by __VIRTUAL_CLK__)
Path Group: __VIRTUAL_CLK__
Path Type: min

Fanout         Cap        Slew       Delay        Time   Description
---------------------------------------------------------------------------------------------
                      0.000000    0.000000    0.000000   clock __VIRTUAL_CLK__ (rise edge)
                                  0.000000    0.000000   clock network delay (ideal)
                                  2.000000    2.000000 v input external delay
    10    0.025557    0.058169    0.040915    2.040915 v opcode[3] (in)
                                                         opcode[3] (net)
                      0.058169    0.000000    2.040915 v _6060_/B (sky130_fd_sc_hd__nand2b_2)
     6    0.015460    0.098379    0.107981    2.148896 ^ _6060_/Y (sky130_fd_sc_hd__nand2b_2)
                                                         _1846_ (net)
                      0.098379    0.000000    2.148896 ^ _6061_/B (sky130_fd_sc_hd__nor2_2)
    15    0.032582    0.082525    0.099810    2.248706 v _6061_/Y (sky130_fd_sc_hd__nor2_2)
                                                         _1847_ (net)
                      0.082525    0.000000    2.248706 v _6968_/A1 (sky130_fd_sc_hd__a21o_2)
     2    0.034877    0.103603    0.278187    2.526893 v _6968_/X (sky130_fd_sc_hd__a21o_2)
                                                         result[29] (net)
                      0.103603    0.000000    2.526893 v result[29] (out)
                                              2.526893   data arrival time

                      0.000000    0.000000    0.000000   clock __VIRTUAL_CLK__ (rise edge)
                                  0.000000    0.000000   clock network delay (ideal)
                                  0.250000    0.250000   clock uncertainty
                                  0.000000    0.250000   clock reconvergence pessimism
                                 -2.000000   -1.750000   output external delay
                                             -1.750000   data required time
---------------------------------------------------------------------------------------------
                                             -1.750000   data required time
                                             -2.526893   data arrival time
---------------------------------------------------------------------------------------------
                                              4.276893   slack (MET)


Startpoint: opcode[3] (input port clocked by __VIRTUAL_CLK__)
Endpoint: result[15] (output port clocked by __VIRTUAL_CLK__)
Path Group: __VIRTUAL_CLK__
Path Type: min

Fanout         Cap        Slew       Delay        Time   Description
---------------------------------------------------------------------------------------------
                      0.000000    0.000000    0.000000   clock __VIRTUAL_CLK__ (rise edge)
                                  0.000000    0.000000   clock network delay (ideal)
                                  2.000000    2.000000 v input external delay
    10    0.025557    0.058169    0.040915    2.040915 v opcode[3] (in)
                                                         opcode[3] (net)
                      0.058169    0.000000    2.040915 v _6060_/B (sky130_fd_sc_hd__nand2b_2)
     6    0.015460    0.098379    0.107981    2.148896 ^ _6060_/Y (sky130_fd_sc_hd__nand2b_2)
                                                         _1846_ (net)
                      0.098379    0.000000    2.148896 ^ _6061_/B (sky130_fd_sc_hd__nor2_2)
    15    0.032582    0.082525    0.099810    2.248706 v _6061_/Y (sky130_fd_sc_hd__nor2_2)
                                                         _1847_ (net)
                      0.082525    0.000000    2.248706 v _6737_/A1 (sky130_fd_sc_hd__a21o_2)
     2    0.034981    0.103822    0.278417    2.527123 v _6737_/X (sky130_fd_sc_hd__a21o_2)
                                                         result[15] (net)
                      0.103822    0.000000    2.527123 v result[15] (out)
                                              2.527123   data arrival time

                      0.000000    0.000000    0.000000   clock __VIRTUAL_CLK__ (rise edge)
                                  0.000000    0.000000   clock network delay (ideal)
                                  0.250000    0.250000   clock uncertainty
                                  0.000000    0.250000   clock reconvergence pessimism
                                 -2.000000   -1.750000   output external delay
                                             -1.750000   data required time
---------------------------------------------------------------------------------------------
                                             -1.750000   data required time
                                             -2.527123   data arrival time
---------------------------------------------------------------------------------------------
                                              4.277123   slack (MET)


Startpoint: opcode[3] (input port clocked by __VIRTUAL_CLK__)
Endpoint: result[11] (output port clocked by __VIRTUAL_CLK__)
Path Group: __VIRTUAL_CLK__
Path Type: min

Fanout         Cap        Slew       Delay        Time   Description
---------------------------------------------------------------------------------------------
                      0.000000    0.000000    0.000000   clock __VIRTUAL_CLK__ (rise edge)
                                  0.000000    0.000000   clock network delay (ideal)
                                  2.000000    2.000000 v input external delay
    10    0.025557    0.058169    0.040915    2.040915 v opcode[3] (in)
                                                         opcode[3] (net)
                      0.058169    0.000000    2.040915 v _6060_/B (sky130_fd_sc_hd__nand2b_2)
     6    0.015460    0.098379    0.107981    2.148896 ^ _6060_/Y (sky130_fd_sc_hd__nand2b_2)
                                                         _1846_ (net)
                      0.098379    0.000000    2.148896 ^ _6061_/B (sky130_fd_sc_hd__nor2_2)
    15    0.032582    0.082525    0.099810    2.248706 v _6061_/Y (sky130_fd_sc_hd__nor2_2)
                                                         _1847_ (net)
                      0.082525    0.000000    2.248706 v _6667_/A1 (sky130_fd_sc_hd__a31o_2)
     2    0.034836    0.105541    0.292484    2.541190 v _6667_/X (sky130_fd_sc_hd__a31o_2)
                                                         result[11] (net)
                      0.105541    0.000000    2.541190 v result[11] (out)
                                              2.541190   data arrival time

                      0.000000    0.000000    0.000000   clock __VIRTUAL_CLK__ (rise edge)
                                  0.000000    0.000000   clock network delay (ideal)
                                  0.250000    0.250000   clock uncertainty
                                  0.000000    0.250000   clock reconvergence pessimism
                                 -2.000000   -1.750000   output external delay
                                             -1.750000   data required time
---------------------------------------------------------------------------------------------
                                             -1.750000   data required time
                                             -2.541190   data arrival time
---------------------------------------------------------------------------------------------
                                              4.291191   slack (MET)


Startpoint: B[30] (input port clocked by __VIRTUAL_CLK__)
Endpoint: result[31] (output port clocked by __VIRTUAL_CLK__)
Path Group: __VIRTUAL_CLK__
Path Type: min

Fanout         Cap        Slew       Delay        Time   Description
---------------------------------------------------------------------------------------------
                      0.000000    0.000000    0.000000   clock __VIRTUAL_CLK__ (rise edge)
                                  0.000000    0.000000   clock network delay (ideal)
                                  2.000000    2.000000 v input external delay
     5    0.013566    0.032595    0.021912    2.021912 v B[30] (in)
                                                         B[30] (net)
                      0.032595    0.000000    2.021912 v _6067_/A (sky130_fd_sc_hd__nand2_2)
     5    0.012470    0.075659    0.076658    2.098570 ^ _6067_/Y (sky130_fd_sc_hd__nand2_2)
                                                         _1853_ (net)
                      0.075659    0.000000    2.098570 ^ _6204_/A2 (sky130_fd_sc_hd__a31o_2)
     1    0.002487    0.036627    0.145326    2.243896 ^ _6204_/X (sky130_fd_sc_hd__a31o_2)
                                                         _2004_ (net)
                      0.036627    0.000000    2.243896 ^ _6346_/A2 (sky130_fd_sc_hd__o211a_2)
     1    0.004522    0.051374    0.162556    2.406452 ^ _6346_/X (sky130_fd_sc_hd__o211a_2)
                                                         _2160_ (net)
                      0.051374    0.000000    2.406452 ^ _6347_/B1 (sky130_fd_sc_hd__o21ai_2)
     4    0.044146    0.174174    0.156384    2.562836 v _6347_/Y (sky130_fd_sc_hd__o21ai_2)
                                                         result[31] (net)
                      0.174174    0.000000    2.562836 v result[31] (out)
                                              2.562836   data arrival time

                      0.000000    0.000000    0.000000   clock __VIRTUAL_CLK__ (rise edge)
                                  0.000000    0.000000   clock network delay (ideal)
                                  0.250000    0.250000   clock uncertainty
                                  0.000000    0.250000   clock reconvergence pessimism
                                 -2.000000   -1.750000   output external delay
                                             -1.750000   data required time
---------------------------------------------------------------------------------------------
                                             -1.750000   data required time
                                             -2.562836   data arrival time
---------------------------------------------------------------------------------------------
                                              4.312837   slack (MET)


Startpoint: opcode[3] (input port clocked by __VIRTUAL_CLK__)
Endpoint: result[26] (output port clocked by __VIRTUAL_CLK__)
Path Group: __VIRTUAL_CLK__
Path Type: min

Fanout         Cap        Slew       Delay        Time   Description
---------------------------------------------------------------------------------------------
                      0.000000    0.000000    0.000000   clock __VIRTUAL_CLK__ (rise edge)
                                  0.000000    0.000000   clock network delay (ideal)
                                  2.000000    2.000000 ^ input external delay
    10    0.029112    0.138302    0.093913    2.093913 ^ opcode[3] (in)
                                                         opcode[3] (net)
                      0.138302    0.000000    2.093913 ^ _6202_/D (sky130_fd_sc_hd__nor4_2)
    20    0.056117    0.136004    0.155816    2.249729 v _6202_/Y (sky130_fd_sc_hd__nor4_2)
                                                         _2002_ (net)
                      0.136004    0.000000    2.249729 v _6918_/A1 (sky130_fd_sc_hd__a31o_2)
     2    0.034763    0.105316    0.314262    2.563991 v _6918_/X (sky130_fd_sc_hd__a31o_2)
                                                         result[26] (net)
                      0.105316    0.000000    2.563991 v result[26] (out)
                                              2.563991   data arrival time

                      0.000000    0.000000    0.000000   clock __VIRTUAL_CLK__ (rise edge)
                                  0.000000    0.000000   clock network delay (ideal)
                                  0.250000    0.250000   clock uncertainty
                                  0.000000    0.250000   clock reconvergence pessimism
                                 -2.000000   -1.750000   output external delay
                                             -1.750000   data required time
---------------------------------------------------------------------------------------------
                                             -1.750000   data required time
                                             -2.563991   data arrival time
---------------------------------------------------------------------------------------------
                                              4.313991   slack (MET)


Startpoint: opcode[3] (input port clocked by __VIRTUAL_CLK__)
Endpoint: result[3] (output port clocked by __VIRTUAL_CLK__)
Path Group: __VIRTUAL_CLK__
Path Type: min

Fanout         Cap        Slew       Delay        Time   Description
---------------------------------------------------------------------------------------------
                      0.000000    0.000000    0.000000   clock __VIRTUAL_CLK__ (rise edge)
                                  0.000000    0.000000   clock network delay (ideal)
                                  2.000000    2.000000 v input external delay
    10    0.025557    0.058169    0.040915    2.040915 v opcode[3] (in)
                                                         opcode[3] (net)
                      0.058169    0.000000    2.040915 v _6060_/B (sky130_fd_sc_hd__nand2b_2)
     6    0.015460    0.098379    0.107981    2.148896 ^ _6060_/Y (sky130_fd_sc_hd__nand2b_2)
                                                         _1846_ (net)
                      0.098379    0.000000    2.148896 ^ _6061_/B (sky130_fd_sc_hd__nor2_2)
    15    0.032582    0.082525    0.099810    2.248706 v _6061_/Y (sky130_fd_sc_hd__nor2_2)
                                                         _1847_ (net)
                      0.082525    0.000000    2.248706 v _6513_/A2 (sky130_fd_sc_hd__a31o_2)
     2    0.034851    0.105580    0.326145    2.574851 v _6513_/X (sky130_fd_sc_hd__a31o_2)
                                                         result[3] (net)
                      0.105580    0.000000    2.574851 v result[3] (out)
                                              2.574851   data arrival time

                      0.000000    0.000000    0.000000   clock __VIRTUAL_CLK__ (rise edge)
                                  0.000000    0.000000   clock network delay (ideal)
                                  0.250000    0.250000   clock uncertainty
                                  0.000000    0.250000   clock reconvergence pessimism
                                 -2.000000   -1.750000   output external delay
                                             -1.750000   data required time
---------------------------------------------------------------------------------------------
                                             -1.750000   data required time
                                             -2.574851   data arrival time
---------------------------------------------------------------------------------------------
                                              4.324851   slack (MET)


Startpoint: opcode[3] (input port clocked by __VIRTUAL_CLK__)
Endpoint: result[6] (output port clocked by __VIRTUAL_CLK__)
Path Group: __VIRTUAL_CLK__
Path Type: min

Fanout         Cap        Slew       Delay        Time   Description
---------------------------------------------------------------------------------------------
                      0.000000    0.000000    0.000000   clock __VIRTUAL_CLK__ (rise edge)
                                  0.000000    0.000000   clock network delay (ideal)
                                  2.000000    2.000000 v input external delay
    10    0.025557    0.058169    0.040915    2.040915 v opcode[3] (in)
                                                         opcode[3] (net)
                      0.058169    0.000000    2.040915 v _6060_/B (sky130_fd_sc_hd__nand2b_2)
     6    0.015460    0.098379    0.107981    2.148896 ^ _6060_/Y (sky130_fd_sc_hd__nand2b_2)
                                                         _1846_ (net)
                      0.098379    0.000000    2.148896 ^ _6061_/B (sky130_fd_sc_hd__nor2_2)
    15    0.032582    0.082525    0.099810    2.248706 v _6061_/Y (sky130_fd_sc_hd__nor2_2)
                                                         _1847_ (net)
                      0.082525    0.000000    2.248706 v _6581_/A2 (sky130_fd_sc_hd__a31o_2)
     2    0.035067    0.105988    0.326535    2.575241 v _6581_/X (sky130_fd_sc_hd__a31o_2)
                                                         result[6] (net)
                      0.105988    0.000000    2.575241 v result[6] (out)
                                              2.575241   data arrival time

                      0.000000    0.000000    0.000000   clock __VIRTUAL_CLK__ (rise edge)
                                  0.000000    0.000000   clock network delay (ideal)
                                  0.250000    0.250000   clock uncertainty
                                  0.000000    0.250000   clock reconvergence pessimism
                                 -2.000000   -1.750000   output external delay
                                             -1.750000   data required time
---------------------------------------------------------------------------------------------
                                             -1.750000   data required time
                                             -2.575241   data arrival time
---------------------------------------------------------------------------------------------
                                              4.325242   slack (MET)


Startpoint: opcode[3] (input port clocked by __VIRTUAL_CLK__)
Endpoint: result[22] (output port clocked by __VIRTUAL_CLK__)
Path Group: __VIRTUAL_CLK__
Path Type: min

Fanout         Cap        Slew       Delay        Time   Description
---------------------------------------------------------------------------------------------
                      0.000000    0.000000    0.000000   clock __VIRTUAL_CLK__ (rise edge)
                                  0.000000    0.000000   clock network delay (ideal)
                                  2.000000    2.000000 ^ input external delay
    10    0.029112    0.138302    0.093913    2.093913 ^ opcode[3] (in)
                                                         opcode[3] (net)
                      0.138302    0.000000    2.093913 ^ _6202_/D (sky130_fd_sc_hd__nor4_2)
    20    0.056117    0.136004    0.155816    2.249729 v _6202_/Y (sky130_fd_sc_hd__nor4_2)
                                                         _2002_ (net)
                      0.136004    0.000000    2.249729 v _6855_/A2 (sky130_fd_sc_hd__a31o_2)
     2    0.037576    0.111046    0.353215    2.602944 v _6855_/X (sky130_fd_sc_hd__a31o_2)
                                                         result[22] (net)
                      0.111046    0.000000    2.602944 v result[22] (out)
                                              2.602944   data arrival time

                      0.000000    0.000000    0.000000   clock __VIRTUAL_CLK__ (rise edge)
                                  0.000000    0.000000   clock network delay (ideal)
                                  0.250000    0.250000   clock uncertainty
                                  0.000000    0.250000   clock reconvergence pessimism
                                 -2.000000   -1.750000   output external delay
                                             -1.750000   data required time
---------------------------------------------------------------------------------------------
                                             -1.750000   data required time
                                             -2.602944   data arrival time
---------------------------------------------------------------------------------------------
                                              4.352944   slack (MET)


Startpoint: A[27] (input port clocked by __VIRTUAL_CLK__)
Endpoint: result[27] (output port clocked by __VIRTUAL_CLK__)
Path Group: __VIRTUAL_CLK__
Path Type: min

Fanout         Cap        Slew       Delay        Time   Description
---------------------------------------------------------------------------------------------
                      0.000000    0.000000    0.000000   clock __VIRTUAL_CLK__ (rise edge)
                                  0.000000    0.000000   clock network delay (ideal)
                                  2.000000    2.000000 v input external delay
    22    0.059222    0.129435    0.095025    2.095025 v A[27] (in)
                                                         A[27] (net)
                      0.129435    0.000000    2.095025 v _6928_/A1 (sky130_fd_sc_hd__o221ai_2)
     1    0.001557    0.049053    0.188382    2.283408 ^ _6928_/Y (sky130_fd_sc_hd__o221ai_2)
                                                         _2772_ (net)
                      0.049053    0.000000    2.283408 ^ _6930_/B (sky130_fd_sc_hd__or4b_2)
     1    0.001615    0.026171    0.100278    2.383686 ^ _6930_/X (sky130_fd_sc_hd__or4b_2)
                                                         _2775_ (net)
                      0.026171    0.000000    2.383686 ^ _6934_/B (sky130_fd_sc_hd__or3b_2)
     2    0.038050    0.222773    0.230574    2.614259 ^ _6934_/X (sky130_fd_sc_hd__or3b_2)
                                                         result[27] (net)
                      0.222773    0.000000    2.614259 ^ result[27] (out)
                                              2.614259   data arrival time

                      0.000000    0.000000    0.000000   clock __VIRTUAL_CLK__ (rise edge)
                                  0.000000    0.000000   clock network delay (ideal)
                                  0.250000    0.250000   clock uncertainty
                                  0.000000    0.250000   clock reconvergence pessimism
                                 -2.000000   -1.750000   output external delay
                                             -1.750000   data required time
---------------------------------------------------------------------------------------------
                                             -1.750000   data required time
                                             -2.614259   data arrival time
---------------------------------------------------------------------------------------------
                                              4.364259   slack (MET)


Startpoint: A[28] (input port clocked by __VIRTUAL_CLK__)
Endpoint: result[28] (output port clocked by __VIRTUAL_CLK__)
Path Group: __VIRTUAL_CLK__
Path Type: min

Fanout         Cap        Slew       Delay        Time   Description
---------------------------------------------------------------------------------------------
                      0.000000    0.000000    0.000000   clock __VIRTUAL_CLK__ (rise edge)
                                  0.000000    0.000000   clock network delay (ideal)
                                  2.000000    2.000000 v input external delay
    19    0.053622    0.117632    0.085950    2.085950 v A[28] (in)
                                                         A[28] (net)
                      0.117632    0.000000    2.085950 v _6942_/A1 (sky130_fd_sc_hd__o21ai_2)
     1    0.002524    0.035862    0.145341    2.231292 ^ _6942_/Y (sky130_fd_sc_hd__o21ai_2)
                                                         _2787_ (net)
                      0.035862    0.000000    2.231292 ^ _6943_/B1 (sky130_fd_sc_hd__a211o_2)
     1    0.001649    0.021582    0.079709    2.311001 ^ _6943_/X (sky130_fd_sc_hd__a211o_2)
                                                         _2788_ (net)
                      0.021582    0.000000    2.311001 ^ _6946_/A (sky130_fd_sc_hd__or3_2)
     1    0.001534    0.023398    0.086147    2.397147 ^ _6946_/X (sky130_fd_sc_hd__or3_2)
                                                         _2791_ (net)
                      0.023398    0.000000    2.397147 ^ _6949_/A (sky130_fd_sc_hd__or3b_2)
     2    0.034983    0.205666    0.219141    2.616289 ^ _6949_/X (sky130_fd_sc_hd__or3b_2)
                                                         result[28] (net)
                      0.205666    0.000000    2.616289 ^ result[28] (out)
                                              2.616289   data arrival time

                      0.000000    0.000000    0.000000   clock __VIRTUAL_CLK__ (rise edge)
                                  0.000000    0.000000   clock network delay (ideal)
                                  0.250000    0.250000   clock uncertainty
                                  0.000000    0.250000   clock reconvergence pessimism
                                 -2.000000   -1.750000   output external delay
                                             -1.750000   data required time
---------------------------------------------------------------------------------------------
                                             -1.750000   data required time
                                             -2.616289   data arrival time
---------------------------------------------------------------------------------------------
                                              4.366289   slack (MET)


Startpoint: B[24] (input port clocked by __VIRTUAL_CLK__)
Endpoint: result[25] (output port clocked by __VIRTUAL_CLK__)
Path Group: __VIRTUAL_CLK__
Path Type: min

Fanout         Cap        Slew       Delay        Time   Description
---------------------------------------------------------------------------------------------
                      0.000000    0.000000    0.000000   clock __VIRTUAL_CLK__ (rise edge)
                                  0.000000    0.000000   clock network delay (ideal)
                                  2.000000    2.000000 v input external delay
    19    0.054173    0.118794    0.086843    2.086843 v B[24] (in)
                                                         B[24] (net)
                      0.118794    0.000000    2.086843 v _3486_/A (sky130_fd_sc_hd__inv_2)
     1    0.002454    0.036951    0.062499    2.149342 ^ _3486_/Y (sky130_fd_sc_hd__inv_2)
                                                         _0073_ (net)
                      0.036951    0.000000    2.149342 ^ _6899_/A1 (sky130_fd_sc_hd__a211o_2)
     1    0.002489    0.025917    0.105777    2.255119 ^ _6899_/X (sky130_fd_sc_hd__a211o_2)
                                                         _2743_ (net)
                      0.025917    0.000000    2.255119 ^ _6900_/A4 (sky130_fd_sc_hd__a41o_2)
     1    0.002524    0.028281    0.174447    2.429566 ^ _6900_/X (sky130_fd_sc_hd__a41o_2)
                                                         _2744_ (net)
                      0.028281    0.000000    2.429566 ^ _6901_/B1 (sky130_fd_sc_hd__a211o_2)
     2    0.035012    0.169892    0.188933    2.618499 ^ _6901_/X (sky130_fd_sc_hd__a211o_2)
                                                         result[25] (net)
                      0.169892    0.000000    2.618499 ^ result[25] (out)
                                              2.618499   data arrival time

                      0.000000    0.000000    0.000000   clock __VIRTUAL_CLK__ (rise edge)
                                  0.000000    0.000000   clock network delay (ideal)
                                  0.250000    0.250000   clock uncertainty
                                  0.000000    0.250000   clock reconvergence pessimism
                                 -2.000000   -1.750000   output external delay
                                             -1.750000   data required time
---------------------------------------------------------------------------------------------
                                             -1.750000   data required time
                                             -2.618499   data arrival time
---------------------------------------------------------------------------------------------
                                              4.368499   slack (MET)


Startpoint: opcode[0] (input port clocked by __VIRTUAL_CLK__)
Endpoint: result[1] (output port clocked by __VIRTUAL_CLK__)
Path Group: __VIRTUAL_CLK__
Path Type: min

Fanout         Cap        Slew       Delay        Time   Description
---------------------------------------------------------------------------------------------
                      0.000000    0.000000    0.000000   clock __VIRTUAL_CLK__ (rise edge)
                                  0.000000    0.000000   clock network delay (ideal)
                                  2.000000    2.000000 ^ input external delay
    12    0.029197    0.138683    0.094178    2.094178 ^ opcode[0] (in)
                                                         opcode[0] (net)
                      0.138683    0.000000    2.094178 ^ _6335_/B (sky130_fd_sc_hd__nor3_2)
     5    0.020791    0.061988    0.101398    2.195576 v _6335_/Y (sky130_fd_sc_hd__nor3_2)
                                                         _2148_ (net)
                      0.061988    0.000000    2.195576 v _6390_/B (sky130_fd_sc_hd__nand2_2)
     3    0.011731    0.080175    0.096058    2.291634 ^ _6390_/Y (sky130_fd_sc_hd__nand2_2)
                                                         _2208_ (net)
                      0.080175    0.000000    2.291634 ^ _6425_/B1 (sky130_fd_sc_hd__o21ai_2)
     1    0.002207    0.022372    0.051221    2.342854 v _6425_/Y (sky130_fd_sc_hd__o21ai_2)
                                                         _2245_ (net)
                      0.022372    0.000000    2.342854 v _6452_/A2 (sky130_fd_sc_hd__a21o_2)
     2    0.034786    0.103405    0.277749    2.620604 v _6452_/X (sky130_fd_sc_hd__a21o_2)
                                                         result[1] (net)
                      0.103405    0.000000    2.620604 v result[1] (out)
                                              2.620604   data arrival time

                      0.000000    0.000000    0.000000   clock __VIRTUAL_CLK__ (rise edge)
                                  0.000000    0.000000   clock network delay (ideal)
                                  0.250000    0.250000   clock uncertainty
                                  0.000000    0.250000   clock reconvergence pessimism
                                 -2.000000   -1.750000   output external delay
                                             -1.750000   data required time
---------------------------------------------------------------------------------------------
                                             -1.750000   data required time
                                             -2.620604   data arrival time
---------------------------------------------------------------------------------------------
                                              4.370604   slack (MET)


Startpoint: B[20] (input port clocked by __VIRTUAL_CLK__)
Endpoint: result[21] (output port clocked by __VIRTUAL_CLK__)
Path Group: __VIRTUAL_CLK__
Path Type: min

Fanout         Cap        Slew       Delay        Time   Description
---------------------------------------------------------------------------------------------
                      0.000000    0.000000    0.000000   clock __VIRTUAL_CLK__ (rise edge)
                                  0.000000    0.000000   clock network delay (ideal)
                                  2.000000    2.000000 v input external delay
    26    0.079368    0.171895    0.127673    2.127673 v B[20] (in)
                                                         B[20] (net)
                      0.171895    0.000000    2.127673 v _6084_/A (sky130_fd_sc_hd__nand2_2)
     6    0.018050    0.115254    0.156958    2.284630 ^ _6084_/Y (sky130_fd_sc_hd__nand2_2)
                                                         _1872_ (net)
                      0.115254    0.000000    2.284630 ^ _6823_/A1 (sky130_fd_sc_hd__a21oi_2)
     1    0.004190    0.030012    0.065988    2.350618 v _6823_/Y (sky130_fd_sc_hd__a21oi_2)
                                                         _2663_ (net)
                      0.030012    0.000000    2.350618 v _6825_/A (sky130_fd_sc_hd__nor2_2)
     1    0.002524    0.058802    0.083390    2.434008 ^ _6825_/Y (sky130_fd_sc_hd__nor2_2)
                                                         _2665_ (net)
                      0.058802    0.000000    2.434008 ^ _6837_/B1 (sky130_fd_sc_hd__a211o_2)
     2    0.034938    0.169554    0.199923    2.633931 ^ _6837_/X (sky130_fd_sc_hd__a211o_2)
                                                         result[21] (net)
                      0.169554    0.000000    2.633931 ^ result[21] (out)
                                              2.633931   data arrival time

                      0.000000    0.000000    0.000000   clock __VIRTUAL_CLK__ (rise edge)
                                  0.000000    0.000000   clock network delay (ideal)
                                  0.250000    0.250000   clock uncertainty
                                  0.000000    0.250000   clock reconvergence pessimism
                                 -2.000000   -1.750000   output external delay
                                             -1.750000   data required time
---------------------------------------------------------------------------------------------
                                             -1.750000   data required time
                                             -2.633931   data arrival time
---------------------------------------------------------------------------------------------
                                              4.383931   slack (MET)


Startpoint: B[30] (input port clocked by __VIRTUAL_CLK__)
Endpoint: result[30] (output port clocked by __VIRTUAL_CLK__)
Path Group: __VIRTUAL_CLK__
Path Type: min

Fanout         Cap        Slew       Delay        Time   Description
---------------------------------------------------------------------------------------------
                      0.000000    0.000000    0.000000   clock __VIRTUAL_CLK__ (rise edge)
                                  0.000000    0.000000   clock network delay (ideal)
                                  2.000000    2.000000 v input external delay
     5    0.013566    0.032595    0.021912    2.021912 v B[30] (in)
                                                         B[30] (net)
                      0.032595    0.000000    2.021912 v _6067_/A (sky130_fd_sc_hd__nand2_2)
     5    0.012470    0.075659    0.076658    2.098570 ^ _6067_/Y (sky130_fd_sc_hd__nand2_2)
                                                         _1853_ (net)
                      0.075659    0.000000    2.098570 ^ _6070_/A (sky130_fd_sc_hd__nand2_2)
     7    0.024826    0.105189    0.109422    2.207992 v _6070_/Y (sky130_fd_sc_hd__nand2_2)
                                                         _1857_ (net)
                      0.105189    0.000000    2.207992 v _6973_/A1 (sky130_fd_sc_hd__a21boi_2)
     1    0.002524    0.066219    0.127453    2.335445 ^ _6973_/Y (sky130_fd_sc_hd__a21boi_2)
                                                         _2819_ (net)
                      0.066219    0.000000    2.335445 ^ _6981_/B1 (sky130_fd_sc_hd__a211o_2)
     1    0.002429    0.024996    0.094076    2.429521 ^ _6981_/X (sky130_fd_sc_hd__a211o_2)
                                                         _2828_ (net)
                      0.024996    0.000000    2.429521 ^ _6982_/C1 (sky130_fd_sc_hd__a311o_2)
     2    0.035033    0.185748    0.205221    2.634742 ^ _6982_/X (sky130_fd_sc_hd__a311o_2)
                                                         result[30] (net)
                      0.185748    0.000000    2.634742 ^ result[30] (out)
                                              2.634742   data arrival time

                      0.000000    0.000000    0.000000   clock __VIRTUAL_CLK__ (rise edge)
                                  0.000000    0.000000   clock network delay (ideal)
                                  0.250000    0.250000   clock uncertainty
                                  0.000000    0.250000   clock reconvergence pessimism
                                 -2.000000   -1.750000   output external delay
                                             -1.750000   data required time
---------------------------------------------------------------------------------------------
                                             -1.750000   data required time
                                             -2.634742   data arrival time
---------------------------------------------------------------------------------------------
                                              4.384742   slack (MET)


Startpoint: opcode[3] (input port clocked by __VIRTUAL_CLK__)
Endpoint: result[16] (output port clocked by __VIRTUAL_CLK__)
Path Group: __VIRTUAL_CLK__
Path Type: min

Fanout         Cap        Slew       Delay        Time   Description
---------------------------------------------------------------------------------------------
                      0.000000    0.000000    0.000000   clock __VIRTUAL_CLK__ (rise edge)
                                  0.000000    0.000000   clock network delay (ideal)
                                  2.000000    2.000000 v input external delay
    10    0.025557    0.058169    0.040915    2.040915 v opcode[3] (in)
                                                         opcode[3] (net)
                      0.058169    0.000000    2.040915 v _6060_/B (sky130_fd_sc_hd__nand2b_2)
     6    0.015460    0.098379    0.107981    2.148896 ^ _6060_/Y (sky130_fd_sc_hd__nand2b_2)
                                                         _1846_ (net)
                      0.098379    0.000000    2.148896 ^ _6061_/B (sky130_fd_sc_hd__nor2_2)
    15    0.032582    0.082525    0.099810    2.248706 v _6061_/Y (sky130_fd_sc_hd__nor2_2)
                                                         _1847_ (net)
                      0.082525    0.000000    2.248706 v _6753_/A1 (sky130_fd_sc_hd__a211o_2)
     2    0.034851    0.120625    0.399298    2.648004 v _6753_/X (sky130_fd_sc_hd__a211o_2)
                                                         result[16] (net)
                      0.120625    0.000000    2.648004 v result[16] (out)
                                              2.648004   data arrival time

                      0.000000    0.000000    0.000000   clock __VIRTUAL_CLK__ (rise edge)
                                  0.000000    0.000000   clock network delay (ideal)
                                  0.250000    0.250000   clock uncertainty
                                  0.000000    0.250000   clock reconvergence pessimism
                                 -2.000000   -1.750000   output external delay
                                             -1.750000   data required time
---------------------------------------------------------------------------------------------
                                             -1.750000   data required time
                                             -2.648004   data arrival time
---------------------------------------------------------------------------------------------
                                              4.398005   slack (MET)


Startpoint: opcode[2] (input port clocked by __VIRTUAL_CLK__)
Endpoint: result[5] (output port clocked by __VIRTUAL_CLK__)
Path Group: __VIRTUAL_CLK__
Path Type: min

Fanout         Cap        Slew       Delay        Time   Description
---------------------------------------------------------------------------------------------
                      0.000000    0.000000    0.000000   clock __VIRTUAL_CLK__ (rise edge)
                                  0.000000    0.000000   clock network delay (ideal)
                                  2.000000    2.000000 v input external delay
    11    0.028174    0.063751    0.045062    2.045062 v opcode[2] (in)
                                                         opcode[2] (net)
                      0.063751    0.000000    2.045062 v _6292_/B (sky130_fd_sc_hd__nand2b_2)
     5    0.010680    0.073940    0.093750    2.138813 ^ _6292_/Y (sky130_fd_sc_hd__nand2b_2)
                                                         _2101_ (net)
                      0.073940    0.000000    2.138813 ^ _6341_/A (sky130_fd_sc_hd__nor2_2)
     6    0.020414    0.056101    0.075024    2.213836 v _6341_/Y (sky130_fd_sc_hd__nor2_2)
                                                         _2155_ (net)
                      0.056101    0.000000    2.213836 v _6391_/B (sky130_fd_sc_hd__nand2_2)
     4    0.012485    0.083567    0.096019    2.309855 ^ _6391_/Y (sky130_fd_sc_hd__nand2_2)
                                                         _2209_ (net)
                      0.083567    0.000000    2.309855 ^ _6555_/A1 (sky130_fd_sc_hd__o22a_2)
     1    0.004599    0.040233    0.155362    2.465217 ^ _6555_/X (sky130_fd_sc_hd__o22a_2)
                                                         _2384_ (net)
                      0.040233    0.000000    2.465217 ^ _6561_/B (sky130_fd_sc_hd__nand3_2)
     2    0.034786    0.214744    0.188740    2.653957 v _6561_/Y (sky130_fd_sc_hd__nand3_2)
                                                         result[5] (net)
                      0.214744    0.000000    2.653957 v result[5] (out)
                                              2.653957   data arrival time

                      0.000000    0.000000    0.000000   clock __VIRTUAL_CLK__ (rise edge)
                                  0.000000    0.000000   clock network delay (ideal)
                                  0.250000    0.250000   clock uncertainty
                                  0.000000    0.250000   clock reconvergence pessimism
                                 -2.000000   -1.750000   output external delay
                                             -1.750000   data required time
---------------------------------------------------------------------------------------------
                                             -1.750000   data required time
                                             -2.653957   data arrival time
---------------------------------------------------------------------------------------------
                                              4.403956   slack (MET)


Startpoint: B[19] (input port clocked by __VIRTUAL_CLK__)
Endpoint: result[19] (output port clocked by __VIRTUAL_CLK__)
Path Group: __VIRTUAL_CLK__
Path Type: min

Fanout         Cap        Slew       Delay        Time   Description
---------------------------------------------------------------------------------------------
                      0.000000    0.000000    0.000000   clock __VIRTUAL_CLK__ (rise edge)
                                  0.000000    0.000000   clock network delay (ideal)
                                  2.000000    2.000000 v input external delay
    30    0.065457    0.142576    0.105129    2.105129 v B[19] (in)
                                                         B[19] (net)
                      0.142576    0.000000    2.105129 v _6089_/A (sky130_fd_sc_hd__nand2_2)
     2    0.007059    0.064028    0.102556    2.207686 ^ _6089_/Y (sky130_fd_sc_hd__nand2_2)
                                                         _1878_ (net)
                      0.064028    0.000000    2.207686 ^ _6207_/A (sky130_fd_sc_hd__nand2_2)
     5    0.022882    0.098495    0.100119    2.307805 v _6207_/Y (sky130_fd_sc_hd__nand2_2)
                                                         _2007_ (net)
                      0.098495    0.000000    2.307805 v _6795_/B (sky130_fd_sc_hd__xnor2_2)
     1    0.002516    0.033449    0.125156    2.432961 ^ _6795_/Y (sky130_fd_sc_hd__xnor2_2)
                                                         _2634_ (net)
                      0.033449    0.000000    2.432961 ^ _6805_/A2 (sky130_fd_sc_hd__a211o_2)
     2    0.035012    0.169890    0.222312    2.655273 ^ _6805_/X (sky130_fd_sc_hd__a211o_2)
                                                         result[19] (net)
                      0.169890    0.000000    2.655273 ^ result[19] (out)
                                              2.655273   data arrival time

                      0.000000    0.000000    0.000000   clock __VIRTUAL_CLK__ (rise edge)
                                  0.000000    0.000000   clock network delay (ideal)
                                  0.250000    0.250000   clock uncertainty
                                  0.000000    0.250000   clock reconvergence pessimism
                                 -2.000000   -1.750000   output external delay
                                             -1.750000   data required time
---------------------------------------------------------------------------------------------
                                             -1.750000   data required time
                                             -2.655273   data arrival time
---------------------------------------------------------------------------------------------
                                              4.405273   slack (MET)


Startpoint: opcode[3] (input port clocked by __VIRTUAL_CLK__)
Endpoint: result[14] (output port clocked by __VIRTUAL_CLK__)
Path Group: __VIRTUAL_CLK__
Path Type: min

Fanout         Cap        Slew       Delay        Time   Description
---------------------------------------------------------------------------------------------
                      0.000000    0.000000    0.000000   clock __VIRTUAL_CLK__ (rise edge)
                                  0.000000    0.000000   clock network delay (ideal)
                                  2.000000    2.000000 ^ input external delay
    10    0.029112    0.138302    0.093913    2.093913 ^ opcode[3] (in)
                                                         opcode[3] (net)
                      0.138302    0.000000    2.093913 ^ _6288_/C (sky130_fd_sc_hd__nor4b_2)
    20    0.050491    0.133626    0.156112    2.250026 v _6288_/Y (sky130_fd_sc_hd__nor4b_2)
                                                         _2096_ (net)
                      0.133626    0.000000    2.250026 v _6721_/A1 (sky130_fd_sc_hd__a211o_2)
     2    0.035067    0.121660    0.419374    2.669399 v _6721_/X (sky130_fd_sc_hd__a211o_2)
                                                         result[14] (net)
                      0.121660    0.000000    2.669399 v result[14] (out)
                                              2.669399   data arrival time

                      0.000000    0.000000    0.000000   clock __VIRTUAL_CLK__ (rise edge)
                                  0.000000    0.000000   clock network delay (ideal)
                                  0.250000    0.250000   clock uncertainty
                                  0.000000    0.250000   clock reconvergence pessimism
                                 -2.000000   -1.750000   output external delay
                                             -1.750000   data required time
---------------------------------------------------------------------------------------------
                                             -1.750000   data required time
                                             -2.669399   data arrival time
---------------------------------------------------------------------------------------------
                                              4.419399   slack (MET)


Startpoint: A[22] (input port clocked by __VIRTUAL_CLK__)
Endpoint: result[23] (output port clocked by __VIRTUAL_CLK__)
Path Group: __VIRTUAL_CLK__
Path Type: min

Fanout         Cap        Slew       Delay        Time   Description
---------------------------------------------------------------------------------------------
                      0.000000    0.000000    0.000000   clock __VIRTUAL_CLK__ (rise edge)
                                  0.000000    0.000000   clock network delay (ideal)
                                  2.000000    2.000000 v input external delay
    27    0.070721    0.153670    0.113660    2.113660 v A[22] (in)
                                                         A[22] (net)
                      0.153670    0.000000    2.113660 v _6265_/B (sky130_fd_sc_hd__nand2_2)
     1    0.002481    0.030797    0.099044    2.212704 ^ _6265_/Y (sky130_fd_sc_hd__nand2_2)
                                                         _2071_ (net)
                      0.030797    0.000000    2.212704 ^ _6861_/A1 (sky130_fd_sc_hd__a21bo_2)
     1    0.002487    0.029553    0.104457    2.317161 ^ _6861_/X (sky130_fd_sc_hd__a21bo_2)
                                                         _2703_ (net)
                      0.029553    0.000000    2.317161 ^ _6869_/A3 (sky130_fd_sc_hd__a311o_2)
     1    0.001394    0.024686    0.145543    2.462705 ^ _6869_/X (sky130_fd_sc_hd__a311o_2)
                                                         _2712_ (net)
                      0.024686    0.000000    2.462705 ^ _6870_/B1_N (sky130_fd_sc_hd__o21bai_2)
     2    0.038050    0.213103    0.211276    2.673981 ^ _6870_/Y (sky130_fd_sc_hd__o21bai_2)
                                                         result[23] (net)
                      0.213103    0.000000    2.673981 ^ result[23] (out)
                                              2.673981   data arrival time

                      0.000000    0.000000    0.000000   clock __VIRTUAL_CLK__ (rise edge)
                                  0.000000    0.000000   clock network delay (ideal)
                                  0.250000    0.250000   clock uncertainty
                                  0.000000    0.250000   clock reconvergence pessimism
                                 -2.000000   -1.750000   output external delay
                                             -1.750000   data required time
---------------------------------------------------------------------------------------------
                                             -1.750000   data required time
                                             -2.673981   data arrival time
---------------------------------------------------------------------------------------------
                                              4.423980   slack (MET)


Startpoint: opcode[3] (input port clocked by __VIRTUAL_CLK__)
Endpoint: result[10] (output port clocked by __VIRTUAL_CLK__)
Path Group: __VIRTUAL_CLK__
Path Type: min

Fanout         Cap        Slew       Delay        Time   Description
---------------------------------------------------------------------------------------------
                      0.000000    0.000000    0.000000   clock __VIRTUAL_CLK__ (rise edge)
                                  0.000000    0.000000   clock network delay (ideal)
                                  2.000000    2.000000 ^ input external delay
    10    0.029112    0.138302    0.093913    2.093913 ^ opcode[3] (in)
                                                         opcode[3] (net)
                      0.138302    0.000000    2.093913 ^ _6288_/C (sky130_fd_sc_hd__nor4b_2)
    20    0.050491    0.133626    0.156112    2.250026 v _6288_/Y (sky130_fd_sc_hd__nor4b_2)
                                                         _2096_ (net)
                      0.133626    0.000000    2.250026 v _6649_/A1 (sky130_fd_sc_hd__a211o_2)
     2    0.037404    0.126695    0.425486    2.675512 v _6649_/X (sky130_fd_sc_hd__a211o_2)
                                                         result[10] (net)
                      0.126695    0.000000    2.675512 v result[10] (out)
                                              2.675512   data arrival time

                      0.000000    0.000000    0.000000   clock __VIRTUAL_CLK__ (rise edge)
                                  0.000000    0.000000   clock network delay (ideal)
                                  0.250000    0.250000   clock uncertainty
                                  0.000000    0.250000   clock reconvergence pessimism
                                 -2.000000   -1.750000   output external delay
                                             -1.750000   data required time
---------------------------------------------------------------------------------------------
                                             -1.750000   data required time
                                             -2.675512   data arrival time
---------------------------------------------------------------------------------------------
                                              4.425512   slack (MET)


Startpoint: opcode[1] (input port clocked by __VIRTUAL_CLK__)
Endpoint: result[13] (output port clocked by __VIRTUAL_CLK__)
Path Group: __VIRTUAL_CLK__
Path Type: min

Fanout         Cap        Slew       Delay        Time   Description
---------------------------------------------------------------------------------------------
                      0.000000    0.000000    0.000000   clock __VIRTUAL_CLK__ (rise edge)
                                  0.000000    0.000000   clock network delay (ideal)
                                  2.000000    2.000000 v input external delay
    12    0.031946    0.071795    0.051040    2.051040 v opcode[1] (in)
                                                         opcode[1] (net)
                      0.071795    0.000000    2.051040 v _6059_/B (sky130_fd_sc_hd__nand2b_2)
     5    0.011743    0.079189    0.101300    2.152341 ^ _6059_/Y (sky130_fd_sc_hd__nand2b_2)
                                                         _1845_ (net)
                      0.079189    0.000000    2.152341 ^ _6062_/A (sky130_fd_sc_hd__or2_2)
    16    0.061058    0.316227    0.313917    2.466257 ^ _6062_/X (sky130_fd_sc_hd__or2_2)
                                                         _1848_ (net)
                      0.316227    0.000000    2.466257 ^ _6704_/A1 (sky130_fd_sc_hd__o21ai_2)
     2    0.034786    0.141178    0.211716    2.677973 v _6704_/Y (sky130_fd_sc_hd__o21ai_2)
                                                         result[13] (net)
                      0.141178    0.000000    2.677973 v result[13] (out)
                                              2.677973   data arrival time

                      0.000000    0.000000    0.000000   clock __VIRTUAL_CLK__ (rise edge)
                                  0.000000    0.000000   clock network delay (ideal)
                                  0.250000    0.250000   clock uncertainty
                                  0.000000    0.250000   clock reconvergence pessimism
                                 -2.000000   -1.750000   output external delay
                                             -1.750000   data required time
---------------------------------------------------------------------------------------------
                                             -1.750000   data required time
                                             -2.677973   data arrival time
---------------------------------------------------------------------------------------------
                                              4.427973   slack (MET)


Startpoint: opcode[3] (input port clocked by __VIRTUAL_CLK__)
Endpoint: result[17] (output port clocked by __VIRTUAL_CLK__)
Path Group: __VIRTUAL_CLK__
Path Type: min

Fanout         Cap        Slew       Delay        Time   Description
---------------------------------------------------------------------------------------------
                      0.000000    0.000000    0.000000   clock __VIRTUAL_CLK__ (rise edge)
                                  0.000000    0.000000   clock network delay (ideal)
                                  2.000000    2.000000 ^ input external delay
    10    0.029112    0.138302    0.093913    2.093913 ^ opcode[3] (in)
                                                         opcode[3] (net)
                      0.138302    0.000000    2.093913 ^ _6202_/D (sky130_fd_sc_hd__nor4_2)
    20    0.056117    0.136004    0.155816    2.249729 v _6202_/Y (sky130_fd_sc_hd__nor4_2)
                                                         _2002_ (net)
                      0.136004    0.000000    2.249729 v _6772_/A1 (sky130_fd_sc_hd__a311oi_2)
     1    0.004540    0.156655    0.237441    2.487170 ^ _6772_/Y (sky130_fd_sc_hd__a311oi_2)
                                                         _2611_ (net)
                      0.156655    0.000000    2.487170 ^ _6773_/B1 (sky130_fd_sc_hd__o31ai_2)
     2    0.034901    0.143226    0.193024    2.680194 v _6773_/Y (sky130_fd_sc_hd__o31ai_2)
                                                         result[17] (net)
                      0.143226    0.000000    2.680194 v result[17] (out)
                                              2.680194   data arrival time

                      0.000000    0.000000    0.000000   clock __VIRTUAL_CLK__ (rise edge)
                                  0.000000    0.000000   clock network delay (ideal)
                                  0.250000    0.250000   clock uncertainty
                                  0.000000    0.250000   clock reconvergence pessimism
                                 -2.000000   -1.750000   output external delay
                                             -1.750000   data required time
---------------------------------------------------------------------------------------------
                                             -1.750000   data required time
                                             -2.680194   data arrival time
---------------------------------------------------------------------------------------------
                                              4.430194   slack (MET)


Startpoint: opcode[3] (input port clocked by __VIRTUAL_CLK__)
Endpoint: result[24] (output port clocked by __VIRTUAL_CLK__)
Path Group: __VIRTUAL_CLK__
Path Type: min

Fanout         Cap        Slew       Delay        Time   Description
---------------------------------------------------------------------------------------------
                      0.000000    0.000000    0.000000   clock __VIRTUAL_CLK__ (rise edge)
                                  0.000000    0.000000   clock network delay (ideal)
                                  2.000000    2.000000 ^ input external delay
    10    0.029112    0.138302    0.093913    2.093913 ^ opcode[3] (in)
                                                         opcode[3] (net)
                      0.138302    0.000000    2.093913 ^ _6202_/D (sky130_fd_sc_hd__nor4_2)
    20    0.056117    0.136004    0.155816    2.249729 v _6202_/Y (sky130_fd_sc_hd__nor4_2)
                                                         _2002_ (net)
                      0.136004    0.000000    2.249729 v _6885_/A1 (sky130_fd_sc_hd__a21bo_2)
     1    0.001293    0.028294    0.213538    2.463267 v _6885_/X (sky130_fd_sc_hd__a21bo_2)
                                                         _2728_ (net)
                      0.028294    0.000000    2.463267 v _6886_/B1_N (sky130_fd_sc_hd__o21bai_2)
     2    0.034901    0.148028    0.274010    2.737277 v _6886_/Y (sky130_fd_sc_hd__o21bai_2)
                                                         result[24] (net)
                      0.148028    0.000000    2.737277 v result[24] (out)
                                              2.737277   data arrival time

                      0.000000    0.000000    0.000000   clock __VIRTUAL_CLK__ (rise edge)
                                  0.000000    0.000000   clock network delay (ideal)
                                  0.250000    0.250000   clock uncertainty
                                  0.000000    0.250000   clock reconvergence pessimism
                                 -2.000000   -1.750000   output external delay
                                             -1.750000   data required time
---------------------------------------------------------------------------------------------
                                             -1.750000   data required time
                                             -2.737277   data arrival time
---------------------------------------------------------------------------------------------
                                              4.487277   slack (MET)


Startpoint: opcode[3] (input port clocked by __VIRTUAL_CLK__)
Endpoint: result[7] (output port clocked by __VIRTUAL_CLK__)
Path Group: __VIRTUAL_CLK__
Path Type: min

Fanout         Cap        Slew       Delay        Time   Description
---------------------------------------------------------------------------------------------
                      0.000000    0.000000    0.000000   clock __VIRTUAL_CLK__ (rise edge)
                                  0.000000    0.000000   clock network delay (ideal)
                                  2.000000    2.000000 ^ input external delay
    10    0.029112    0.138302    0.093913    2.093913 ^ opcode[3] (in)
                                                         opcode[3] (net)
                      0.138302    0.000000    2.093913 ^ _6202_/D (sky130_fd_sc_hd__nor4_2)
    20    0.056117    0.136004    0.155816    2.249729 v _6202_/Y (sky130_fd_sc_hd__nor4_2)
                                                         _2002_ (net)
                      0.136004    0.000000    2.249729 v _6596_/B2 (sky130_fd_sc_hd__a221o_2)
     2    0.034851    0.131268    0.492223    2.741952 v _6596_/X (sky130_fd_sc_hd__a221o_2)
                                                         result[7] (net)
                      0.131268    0.000000    2.741952 v result[7] (out)
                                              2.741952   data arrival time

                      0.000000    0.000000    0.000000   clock __VIRTUAL_CLK__ (rise edge)
                                  0.000000    0.000000   clock network delay (ideal)
                                  0.250000    0.250000   clock uncertainty
                                  0.000000    0.250000   clock reconvergence pessimism
                                 -2.000000   -1.750000   output external delay
                                             -1.750000   data required time
---------------------------------------------------------------------------------------------
                                             -1.750000   data required time
                                             -2.741952   data arrival time
---------------------------------------------------------------------------------------------
                                              4.491952   slack (MET)


Startpoint: opcode[0] (input port clocked by __VIRTUAL_CLK__)
Endpoint: result[2] (output port clocked by __VIRTUAL_CLK__)
Path Group: __VIRTUAL_CLK__
Path Type: min

Fanout         Cap        Slew       Delay        Time   Description
---------------------------------------------------------------------------------------------
                      0.000000    0.000000    0.000000   clock __VIRTUAL_CLK__ (rise edge)
                                  0.000000    0.000000   clock network delay (ideal)
                                  2.000000    2.000000 ^ input external delay
    12    0.029197    0.138683    0.094178    2.094178 ^ opcode[0] (in)
                                                         opcode[0] (net)
                      0.138683    0.000000    2.094178 ^ _6335_/B (sky130_fd_sc_hd__nor3_2)
     5    0.020791    0.061988    0.101398    2.195576 v _6335_/Y (sky130_fd_sc_hd__nor3_2)
                                                         _2148_ (net)
                      0.061988    0.000000    2.195576 v _6463_/B2 (sky130_fd_sc_hd__a22oi_2)
     2    0.006236    0.137053    0.167043    2.362619 ^ _6463_/Y (sky130_fd_sc_hd__a22oi_2)
                                                         _2286_ (net)
                      0.137053    0.000000    2.362619 ^ _6464_/B (sky130_fd_sc_hd__nor2_2)
     1    0.002134    0.030288    0.038910    2.401529 v _6464_/Y (sky130_fd_sc_hd__nor2_2)
                                                         _2287_ (net)
                      0.030288    0.000000    2.401529 v _6483_/C1 (sky130_fd_sc_hd__a211o_2)
     2    0.035067    0.122088    0.359277    2.760806 v _6483_/X (sky130_fd_sc_hd__a211o_2)
                                                         result[2] (net)
                      0.122088    0.000000    2.760806 v result[2] (out)
                                              2.760806   data arrival time

                      0.000000    0.000000    0.000000   clock __VIRTUAL_CLK__ (rise edge)
                                  0.000000    0.000000   clock network delay (ideal)
                                  0.250000    0.250000   clock uncertainty
                                  0.000000    0.250000   clock reconvergence pessimism
                                 -2.000000   -1.750000   output external delay
                                             -1.750000   data required time
---------------------------------------------------------------------------------------------
                                             -1.750000   data required time
                                             -2.760806   data arrival time
---------------------------------------------------------------------------------------------
                                              4.510806   slack (MET)


Startpoint: A[9] (input port clocked by __VIRTUAL_CLK__)
Endpoint: result[9] (output port clocked by __VIRTUAL_CLK__)
Path Group: __VIRTUAL_CLK__
Path Type: min

Fanout         Cap        Slew       Delay        Time   Description
---------------------------------------------------------------------------------------------
                      0.000000    0.000000    0.000000   clock __VIRTUAL_CLK__ (rise edge)
                                  0.000000    0.000000   clock network delay (ideal)
                                  2.000000    2.000000 v input external delay
    56    0.159861    0.341711    0.258310    2.258310 v A[9] (in)
                                                         A[9] (net)
                      0.341711    0.000000    2.258310 v _6630_/A1 (sky130_fd_sc_hd__o21ai_2)
     1    0.002522    0.036510    0.219655    2.477965 ^ _6630_/Y (sky130_fd_sc_hd__o21ai_2)
                                                         _2463_ (net)
                      0.036510    0.000000    2.477965 ^ _6631_/C1 (sky130_fd_sc_hd__a211o_2)
     1    0.001436    0.020685    0.075411    2.553376 ^ _6631_/X (sky130_fd_sc_hd__a211o_2)
                                                         _2464_ (net)
                      0.020685    0.000000    2.553376 ^ _6632_/D (sky130_fd_sc_hd__or4_2)
     2    0.038050    0.193790    0.212582    2.765958 ^ _6632_/X (sky130_fd_sc_hd__or4_2)
                                                         result[9] (net)
                      0.193790    0.000000    2.765958 ^ result[9] (out)
                                              2.765958   data arrival time

                      0.000000    0.000000    0.000000   clock __VIRTUAL_CLK__ (rise edge)
                                  0.000000    0.000000   clock network delay (ideal)
                                  0.250000    0.250000   clock uncertainty
                                  0.000000    0.250000   clock reconvergence pessimism
                                 -2.000000   -1.750000   output external delay
                                             -1.750000   data required time
---------------------------------------------------------------------------------------------
                                             -1.750000   data required time
                                             -2.765958   data arrival time
---------------------------------------------------------------------------------------------
                                              4.515957   slack (MET)


Startpoint: A[27] (input port clocked by __VIRTUAL_CLK__)
Endpoint: zero (output port clocked by __VIRTUAL_CLK__)
Path Group: __VIRTUAL_CLK__
Path Type: min

Fanout         Cap        Slew       Delay        Time   Description
---------------------------------------------------------------------------------------------
                      0.000000    0.000000    0.000000   clock __VIRTUAL_CLK__ (rise edge)
                                  0.000000    0.000000   clock network delay (ideal)
                                  2.000000    2.000000 v input external delay
    22    0.059222    0.129435    0.095025    2.095025 v A[27] (in)
                                                         A[27] (net)
                      0.129435    0.000000    2.095025 v _6928_/A1 (sky130_fd_sc_hd__o221ai_2)
     1    0.001557    0.049053    0.188382    2.283408 ^ _6928_/Y (sky130_fd_sc_hd__o221ai_2)
                                                         _2772_ (net)
                      0.049053    0.000000    2.283408 ^ _6930_/B (sky130_fd_sc_hd__or4b_2)
     1    0.001615    0.026171    0.100278    2.383686 ^ _6930_/X (sky130_fd_sc_hd__or4b_2)
                                                         _2775_ (net)
                      0.026171    0.000000    2.383686 ^ _6934_/B (sky130_fd_sc_hd__or3b_2)
     2    0.038050    0.222773    0.230574    2.614259 ^ _6934_/X (sky130_fd_sc_hd__or3b_2)
                                                         result[27] (net)
                      0.222773    0.000000    2.614259 ^ _6995_/B (sky130_fd_sc_hd__nor4_2)
     1    0.033442    0.081676    0.157180    2.771439 v _6995_/Y (sky130_fd_sc_hd__nor4_2)
                                                         zero (net)
                      0.081676    0.000000    2.771439 v zero (out)
                                              2.771439   data arrival time

                      0.000000    0.000000    0.000000   clock __VIRTUAL_CLK__ (rise edge)
                                  0.000000    0.000000   clock network delay (ideal)
                                  0.250000    0.250000   clock uncertainty
                                  0.000000    0.250000   clock reconvergence pessimism
                                 -2.000000   -1.750000   output external delay
                                             -1.750000   data required time
---------------------------------------------------------------------------------------------
                                             -1.750000   data required time
                                             -2.771439   data arrival time
---------------------------------------------------------------------------------------------
                                              4.521440   slack (MET)


Startpoint: opcode[1] (input port clocked by __VIRTUAL_CLK__)
Endpoint: result[12] (output port clocked by __VIRTUAL_CLK__)
Path Group: __VIRTUAL_CLK__
Path Type: min

Fanout         Cap        Slew       Delay        Time   Description
---------------------------------------------------------------------------------------------
                      0.000000    0.000000    0.000000   clock __VIRTUAL_CLK__ (rise edge)
                                  0.000000    0.000000   clock network delay (ideal)
                                  2.000000    2.000000 v input external delay
    12    0.031946    0.071795    0.051040    2.051040 v opcode[1] (in)
                                                         opcode[1] (net)
                      0.071795    0.000000    2.051040 v _6059_/B (sky130_fd_sc_hd__nand2b_2)
     5    0.011743    0.079189    0.101300    2.152341 ^ _6059_/Y (sky130_fd_sc_hd__nand2b_2)
                                                         _1845_ (net)
                      0.079189    0.000000    2.152341 ^ _6062_/A (sky130_fd_sc_hd__or2_2)
    16    0.061058    0.316227    0.313917    2.466257 ^ _6062_/X (sky130_fd_sc_hd__or2_2)
                                                         _1848_ (net)
                      0.316227    0.000000    2.466257 ^ _6669_/B1 (sky130_fd_sc_hd__a31o_2)
     1    0.004715    0.048508    0.165710    2.631968 ^ _6669_/X (sky130_fd_sc_hd__a31o_2)
                                                         _2503_ (net)
                      0.048508    0.000000    2.631968 ^ _6685_/A2 (sky130_fd_sc_hd__o21bai_2)
     2    0.034928    0.148127    0.145413    2.777381 v _6685_/Y (sky130_fd_sc_hd__o21bai_2)
                                                         result[12] (net)
                      0.148127    0.000000    2.777381 v result[12] (out)
                                              2.777381   data arrival time

                      0.000000    0.000000    0.000000   clock __VIRTUAL_CLK__ (rise edge)
                                  0.000000    0.000000   clock network delay (ideal)
                                  0.250000    0.250000   clock uncertainty
                                  0.000000    0.250000   clock reconvergence pessimism
                                 -2.000000   -1.750000   output external delay
                                             -1.750000   data required time
---------------------------------------------------------------------------------------------
                                             -1.750000   data required time
                                             -2.777381   data arrival time
---------------------------------------------------------------------------------------------
                                              4.527381   slack (MET)


Startpoint: opcode[1] (input port clocked by __VIRTUAL_CLK__)
Endpoint: result[18] (output port clocked by __VIRTUAL_CLK__)
Path Group: __VIRTUAL_CLK__
Path Type: min

Fanout         Cap        Slew       Delay        Time   Description
---------------------------------------------------------------------------------------------
                      0.000000    0.000000    0.000000   clock __VIRTUAL_CLK__ (rise edge)
                                  0.000000    0.000000   clock network delay (ideal)
                                  2.000000    2.000000 v input external delay
    12    0.031946    0.071795    0.051040    2.051040 v opcode[1] (in)
                                                         opcode[1] (net)
                      0.071795    0.000000    2.051040 v _6059_/B (sky130_fd_sc_hd__nand2b_2)
     5    0.011743    0.079189    0.101300    2.152341 ^ _6059_/Y (sky130_fd_sc_hd__nand2b_2)
                                                         _1845_ (net)
                      0.079189    0.000000    2.152341 ^ _6062_/A (sky130_fd_sc_hd__or2_2)
    16    0.061058    0.316227    0.313917    2.466257 ^ _6062_/X (sky130_fd_sc_hd__or2_2)
                                                         _1848_ (net)
                      0.316227    0.000000    2.466257 ^ _6777_/A (sky130_fd_sc_hd__or3b_2)
     1    0.004557    0.040768    0.189688    2.655945 ^ _6777_/X (sky130_fd_sc_hd__or3b_2)
                                                         _2615_ (net)
                      0.040768    0.000000    2.655945 ^ _6790_/A (sky130_fd_sc_hd__nand2_2)
     2    0.034981    0.142380    0.125870    2.781815 v _6790_/Y (sky130_fd_sc_hd__nand2_2)
                                                         result[18] (net)
                      0.142380    0.000000    2.781815 v result[18] (out)
                                              2.781815   data arrival time

                      0.000000    0.000000    0.000000   clock __VIRTUAL_CLK__ (rise edge)
                                  0.000000    0.000000   clock network delay (ideal)
                                  0.250000    0.250000   clock uncertainty
                                  0.000000    0.250000   clock reconvergence pessimism
                                 -2.000000   -1.750000   output external delay
                                             -1.750000   data required time
---------------------------------------------------------------------------------------------
                                             -1.750000   data required time
                                             -2.781815   data arrival time
---------------------------------------------------------------------------------------------
                                              4.531815   slack (MET)


Startpoint: opcode[3] (input port clocked by __VIRTUAL_CLK__)
Endpoint: result[8] (output port clocked by __VIRTUAL_CLK__)
Path Group: __VIRTUAL_CLK__
Path Type: min

Fanout         Cap        Slew       Delay        Time   Description
---------------------------------------------------------------------------------------------
                      0.000000    0.000000    0.000000   clock __VIRTUAL_CLK__ (rise edge)
                                  0.000000    0.000000   clock network delay (ideal)
                                  2.000000    2.000000 ^ input external delay
    10    0.029112    0.138302    0.093913    2.093913 ^ opcode[3] (in)
                                                         opcode[3] (net)
                      0.138302    0.000000    2.093913 ^ _6289_/C (sky130_fd_sc_hd__or4b_2)
    14    0.040740    0.240498    0.286958    2.380871 ^ _6289_/X (sky130_fd_sc_hd__or4b_2)
                                                         _2098_ (net)
                      0.240498    0.000000    2.380871 ^ _6600_/B1 (sky130_fd_sc_hd__a311oi_2)
     1    0.002195    0.033768    0.070616    2.451486 v _6600_/Y (sky130_fd_sc_hd__a311oi_2)
                                                         _2431_ (net)
                      0.033768    0.000000    2.451486 v _6613_/B1 (sky130_fd_sc_hd__a211o_2)
     2    0.037576    0.126031    0.404176    2.855663 v _6613_/X (sky130_fd_sc_hd__a211o_2)
                                                         result[8] (net)
                      0.126031    0.000000    2.855663 v result[8] (out)
                                              2.855663   data arrival time

                      0.000000    0.000000    0.000000   clock __VIRTUAL_CLK__ (rise edge)
                                  0.000000    0.000000   clock network delay (ideal)
                                  0.250000    0.250000   clock uncertainty
                                  0.000000    0.250000   clock reconvergence pessimism
                                 -2.000000   -1.750000   output external delay
                                             -1.750000   data required time
---------------------------------------------------------------------------------------------
                                             -1.750000   data required time
                                             -2.855663   data arrival time
---------------------------------------------------------------------------------------------
                                              4.605663   slack (MET)


Startpoint: A[4] (input port clocked by __VIRTUAL_CLK__)
Endpoint: result[4] (output port clocked by __VIRTUAL_CLK__)
Path Group: __VIRTUAL_CLK__
Path Type: min

Fanout         Cap        Slew       Delay        Time   Description
---------------------------------------------------------------------------------------------
                      0.000000    0.000000    0.000000   clock __VIRTUAL_CLK__ (rise edge)
                                  0.000000    0.000000   clock network delay (ideal)
                                  2.000000    2.000000 v input external delay
    64    0.177625    0.379214    0.287169    2.287169 v A[4] (in)
                                                         A[4] (net)
                      0.379214    0.000000    2.287169 v _6533_/B2 (sky130_fd_sc_hd__o22a_2)
     1    0.004304    0.040464    0.314734    2.601904 v _6533_/X (sky130_fd_sc_hd__o22a_2)
                                                         _2361_ (net)
                      0.040464    0.000000    2.601904 v _6536_/A (sky130_fd_sc_hd__nand2_2)
     1    0.001570    0.023337    0.040492    2.642396 ^ _6536_/Y (sky130_fd_sc_hd__nand2_2)
                                                         _2364_ (net)
                      0.023337    0.000000    2.642396 ^ _6539_/A (sky130_fd_sc_hd__or2_2)
     1    0.001436    0.023348    0.081094    2.723490 ^ _6539_/X (sky130_fd_sc_hd__or2_2)
                                                         _2368_ (net)
                      0.023348    0.000000    2.723490 ^ _6540_/D (sky130_fd_sc_hd__or4_2)
     2    0.034878    0.178646    0.202982    2.926472 ^ _6540_/X (sky130_fd_sc_hd__or4_2)
                                                         result[4] (net)
                      0.178646    0.000000    2.926472 ^ result[4] (out)
                                              2.926472   data arrival time

                      0.000000    0.000000    0.000000   clock __VIRTUAL_CLK__ (rise edge)
                                  0.000000    0.000000   clock network delay (ideal)
                                  0.250000    0.250000   clock uncertainty
                                  0.000000    0.250000   clock reconvergence pessimism
                                 -2.000000   -1.750000   output external delay
                                             -1.750000   data required time
---------------------------------------------------------------------------------------------
                                             -1.750000   data required time
                                             -2.926472   data arrival time
---------------------------------------------------------------------------------------------
                                              4.676472   slack (MET)



