┏━━━━━━━━━━━━━━━━━━━━━━┳━━━━━━━━━━┳━━━━━━━━━━┳━━━━━━━━━━┳━━━━━━━━━━┳━━━━━━━━━━━┳━━━━━━━━━━┳━━━━━━━━━━━┳━━━━━━━━━━┳━━━━━━━━━━━┳━━━━━━━━━━┳━━━━━━━━━━━┳━━━━━━━━━━┓
┃                      ┃ Hold     ┃ Reg to   ┃          ┃          ┃ of which  ┃ Setup    ┃           ┃          ┃           ┃ of which ┃           ┃          ┃
┃                      ┃ Worst    ┃ Reg      ┃          ┃ Hold Vio ┃ reg to    ┃ Worst    ┃ Reg to    ┃ Setup    ┃ Setup Vio ┃ reg to   ┃ Max Cap   ┃ Max Slew ┃
┃ Corner/Group         ┃ Slack    ┃ Paths    ┃ Hold TNS ┃ Count    ┃ reg       ┃ Slack    ┃ Reg Paths ┃ TNS      ┃ Count     ┃ reg      ┃ Violatio… ┃ Violati… ┃
┡━━━━━━━━━━━━━━━━━━━━━━╇━━━━━━━━━━╇━━━━━━━━━━╇━━━━━━━━━━╇━━━━━━━━━━╇━━━━━━━━━━━╇━━━━━━━━━━╇━━━━━━━━━━━╇━━━━━━━━━━╇━━━━━━━━━━━╇━━━━━━━━━━╇━━━━━━━━━━━╇━━━━━━━━━━┩
│ Overall              │ 4.3421   │ N/A      │ 0.0000   │ 0        │ 0         │ -12.4665 │ N/A       │ -272.84… │ 187       │ 0        │ 4         │ 739      │
│ nom_tt_025C_1v80     │ 4.7077   │ N/A      │ 0.0000   │ 0        │ 0         │ -3.4382  │ N/A       │ -48.4329 │ 27        │ 0        │ 0         │ 156      │
│ nom_ss_100C_1v60     │ 5.5585   │ N/A      │ 0.0000   │ 0        │ 0         │ -12.1349 │ N/A       │ -264.33… │ 35        │ 0        │ 2         │ 661      │
│ nom_ff_n40C_1v95     │ 4.3501   │ N/A      │ 0.0000   │ 0        │ 0         │ -0.0226  │ N/A       │ -0.0226  │ 1         │ 0        │ 0         │ 19       │
│ min_tt_025C_1v80     │ 4.6954   │ N/A      │ 0.0000   │ 0        │ 0         │ -3.2691  │ N/A       │ -44.6356 │ 25        │ 0        │ 0         │ 102      │
│ min_ss_100C_1v60     │ 5.4973   │ N/A      │ 0.0000   │ 0        │ 0         │ -11.7929 │ N/A       │ -255.79… │ 35        │ 0        │ 2         │ 535      │
│ min_ff_n40C_1v95     │ 4.3421   │ N/A      │ 0.0000   │ 0        │ 0         │ 0.0927   │ N/A       │ 0.0000   │ 0         │ 0        │ 0         │ 0        │
│ max_tt_025C_1v80     │ 4.7184   │ N/A      │ 0.0000   │ 0        │ 0         │ -3.6120  │ N/A       │ -52.4116 │ 27        │ 0        │ 0         │ 189      │
│ max_ss_100C_1v60     │ 5.6025   │ N/A      │ 0.0000   │ 0        │ 0         │ -12.4665 │ N/A       │ -272.84… │ 35        │ 0        │ 4         │ 739      │
│ max_ff_n40C_1v95     │ 4.3578   │ N/A      │ 0.0000   │ 0        │ 0         │ -0.1432  │ N/A       │ -0.2478  │ 2         │ 0        │ 0         │ 19       │
└──────────────────────┴──────────┴──────────┴──────────┴──────────┴───────────┴──────────┴───────────┴──────────┴───────────┴──────────┴───────────┴──────────┘
