
===========================================================================
Violator List
============================================================================
[setup in-out] B[0] -> zero : -12.134898
[setup in-out] B[1] -> overflow : -11.315461
[setup in-out] B[0] -> result[27] : -10.671365
[setup in-out] B[1] -> result[31] : -10.523469
[setup in-out] B[1] -> result[30] : -10.214643
[setup in-out] B[0] -> carry : -10.084879
[setup in-out] B[1] -> result[29] : -10.036933
[setup in-out] B[1] -> result[28] : -10.010034
[setup in-out] B[0] -> result[26] : -9.620044
[setup in-out] B[1] -> result[24] : -9.323740
[setup in-out] B[1] -> result[22] : -9.231854
[setup in-out] B[1] -> result[23] : -9.174637
[setup in-out] B[1] -> result[25] : -9.138921
[setup in-out] B[1] -> result[21] : -8.467229
[setup in-out] B[1] -> result[17] : -8.427614
[setup in-out] B[1] -> result[18] : -8.391096
[setup in-out] B[1] -> result[19] : -8.372052
[setup in-out] B[2] -> result[0] : -8.262009
[setup in-out] B[1] -> result[20] : -7.612830
[setup in-out] B[1] -> result[16] : -7.346828
[setup in-out] B[1] -> result[15] : -7.202475
[setup in-out] B[1] -> result[14] : -7.140399
[setup in-out] B[1] -> result[13] : -6.630612
[setup in-out] B[1] -> result[12] : -6.347517
[setup in-out] A[1] -> result[11] : -5.805316
[setup in-out] A[1] -> result[9] : -5.499762
[setup in-out] A[1] -> result[10] : -5.325577
[setup in-out] A[1] -> result[8] : -5.282842
[setup in-out] B[0] -> result[3] : -4.831263
[setup in-out] B[0] -> result[6] : -4.465414
[setup in-out] A[1] -> result[7] : -3.921589
[setup in-out] B[0] -> result[4] : -3.596727
[setup in-out] B[0] -> result[1] : -3.410657
[setup in-out] A[1] -> result[5] : -3.340709
[setup in-out] B[0] -> result[2] : -3.173104
