
===========================================================================
report_checks -unconstrained
===========================================================================
======================= nom_tt_025C_1v80 Corner ===================================

Startpoint: B[6] (input port clocked by __VIRTUAL_CLK__)
Endpoint: zero (output port clocked by __VIRTUAL_CLK__)
Path Group: __VIRTUAL_CLK__
Path Type: max

Fanout         Cap        Slew       Delay        Time   Description
---------------------------------------------------------------------------------------------
                      0.000000    0.000000    0.000000   clock __VIRTUAL_CLK__ (rise edge)
                                  0.000000    0.000000   clock network delay (ideal)
                                  5.000000    5.000000 ^ input external delay
     1    0.002980    0.020505    0.010921    5.010921 ^ B[6] (in)
                                                         B[6] (net)
                      0.020505    0.000000    5.010921 ^ input61/A (sky130_fd_sc_hd__clkdlybuf4s25_1)
     3    0.026482    0.270597    0.397495    5.408416 ^ input61/X (sky130_fd_sc_hd__clkdlybuf4s25_1)
                                                         net61 (net)
                      0.270597    0.000100    5.408516 ^ fanout237/A (sky130_fd_sc_hd__clkdlybuf4s25_1)
     5    0.023052    0.236997    0.445343    5.853859 ^ fanout237/X (sky130_fd_sc_hd__clkdlybuf4s25_1)
                                                         net237 (net)
                      0.236997    0.000036    5.853895 ^ load_slew238/A (sky130_fd_sc_hd__clkbuf_2)
     6    0.023369    0.133275    0.225701    6.079596 ^ load_slew238/X (sky130_fd_sc_hd__clkbuf_2)
                                                         net238 (net)
                      0.133276    0.000660    6.080256 ^ fanout236/A (sky130_fd_sc_hd__clkdlybuf4s25_1)
     6    0.035210    0.355989    0.494585    6.574841 ^ fanout236/X (sky130_fd_sc_hd__clkdlybuf4s25_1)
                                                         net236 (net)
                      0.355989    0.000085    6.574926 ^ fanout235/A (sky130_fd_sc_hd__clkdlybuf4s25_1)
     8    0.032690    0.330714    0.524224    7.099150 ^ fanout235/X (sky130_fd_sc_hd__clkdlybuf4s25_1)
                                                         net235 (net)
                      0.330714    0.000644    7.099794 ^ fanout233/A (sky130_fd_sc_hd__clkdlybuf4s25_1)
     2    0.007703    0.092003    0.349607    7.449400 ^ fanout233/X (sky130_fd_sc_hd__clkdlybuf4s25_1)
                                                         net233 (net)
                      0.092003    0.000015    7.449416 ^ load_slew234/A (sky130_fd_sc_hd__clkbuf_4)
     9    0.036029    0.117395    0.205930    7.655345 ^ load_slew234/X (sky130_fd_sc_hd__clkbuf_4)
                                                         net234 (net)
                      0.117397    0.000723    7.656068 ^ _4966_/B1 (sky130_fd_sc_hd__a22oi_2)
     2    0.006013    0.063763    0.071403    7.727471 v _4966_/Y (sky130_fd_sc_hd__a22oi_2)
                                                         _0642_ (net)
                      0.063763    0.000009    7.727480 v _4967_/C (sky130_fd_sc_hd__or3_2)
     3    0.011956    0.110357    0.461376    8.188856 v _4967_/X (sky130_fd_sc_hd__or3_2)
                                                         _0643_ (net)
                      0.110357    0.000014    8.188870 v _4968_/B (sky130_fd_sc_hd__nand2b_2)
     2    0.008408    0.069097    0.107018    8.295889 ^ _4968_/Y (sky130_fd_sc_hd__nand2b_2)
                                                         _0644_ (net)
                      0.069097    0.000034    8.295922 ^ _4970_/B (sky130_fd_sc_hd__nand3_2)
     5    0.019087    0.127888    0.133945    8.429868 v _4970_/Y (sky130_fd_sc_hd__nand3_2)
                                                         _0647_ (net)
                      0.127888    0.000004    8.429873 v _5044_/A (sky130_fd_sc_hd__and3_2)
     2    0.006931    0.047535    0.218962    8.648834 v _5044_/X (sky130_fd_sc_hd__and3_2)
                                                         _0728_ (net)
                      0.047535    0.000015    8.648849 v _5061_/C1 (sky130_fd_sc_hd__a211o_2)
     5    0.019257    0.087706    0.320516    8.969365 v _5061_/X (sky130_fd_sc_hd__a211o_2)
                                                         _0747_ (net)
                      0.087706    0.000180    8.969545 v _5063_/A2 (sky130_fd_sc_hd__a211o_2)
     4    0.016025    0.080729    0.389115    9.358660 v _5063_/X (sky130_fd_sc_hd__a211o_2)
                                                         _0749_ (net)
                      0.080729    0.000127    9.358787 v _5081_/A (sky130_fd_sc_hd__and3_2)
     3    0.012100    0.059365    0.214669    9.573456 v _5081_/X (sky130_fd_sc_hd__and3_2)
                                                         _0769_ (net)
                      0.059365    0.000038    9.573494 v _5166_/A (sky130_fd_sc_hd__or3_2)
     4    0.014674    0.114076    0.533895   10.107389 v _5166_/X (sky130_fd_sc_hd__or3_2)
                                                         _0862_ (net)
                      0.114076    0.000032   10.107421 v _5169_/A1 (sky130_fd_sc_hd__a211o_2)
     2    0.006851    0.058199    0.330028   10.437449 v _5169_/X (sky130_fd_sc_hd__a211o_2)
                                                         _0866_ (net)
                      0.058199    0.000020   10.437469 v _5170_/C (sky130_fd_sc_hd__and3_2)
     5    0.016194    0.067542    0.250309   10.687778 v _5170_/X (sky130_fd_sc_hd__and3_2)
                                                         _0867_ (net)
                      0.067542    0.000030   10.687807 v _5251_/A1 (sky130_fd_sc_hd__o21ba_2)
     2    0.006612    0.045201    0.226751   10.914558 v _5251_/X (sky130_fd_sc_hd__o21ba_2)
                                                         _0956_ (net)
                      0.045201    0.000006   10.914565 v _5252_/C1 (sky130_fd_sc_hd__a211o_2)
     5    0.020053    0.089512    0.322113   11.236678 v _5252_/X (sky130_fd_sc_hd__a211o_2)
                                                         _0957_ (net)
                      0.089512    0.000126   11.236804 v _5836_/C1 (sky130_fd_sc_hd__o211a_2)
     2    0.007496    0.051940    0.145417   11.382221 v _5836_/X (sky130_fd_sc_hd__o211a_2)
                                                         _1599_ (net)
                      0.051940    0.000033   11.382254 v _5840_/A (sky130_fd_sc_hd__or3_2)
     4    0.014357    0.113310    0.530412   11.912666 v _5840_/X (sky130_fd_sc_hd__or3_2)
                                                         _1604_ (net)
                      0.113310    0.000060   11.912726 v _5853_/B1 (sky130_fd_sc_hd__o211ai_2)
     5    0.018471    0.266316    0.150162   12.062888 ^ _5853_/Y (sky130_fd_sc_hd__o211ai_2)
                                                         _1618_ (net)
                      0.266316    0.000252   12.063140 ^ _5856_/C_N (sky130_fd_sc_hd__or4bb_2)
     2    0.005965    0.106654    0.657289   12.720429 v _5856_/X (sky130_fd_sc_hd__or4bb_2)
                                                         _1621_ (net)
                      0.106654    0.000020   12.720449 v _5872_/B1 (sky130_fd_sc_hd__a2111o_2)
     3    0.015191    0.096751    0.509474   13.229923 v _5872_/X (sky130_fd_sc_hd__a2111o_2)
                                                         _1639_ (net)
                      0.096751    0.000324   13.230247 v _5877_/A1 (sky130_fd_sc_hd__a2111o_2)
     3    0.011638    0.088980    0.469877   13.700125 v _5877_/X (sky130_fd_sc_hd__a2111o_2)
                                                         _1644_ (net)
                      0.088980    0.000094   13.700219 v _5917_/A2 (sky130_fd_sc_hd__a21o_2)
     4    0.012904    0.057603    0.254733   13.954952 v _5917_/X (sky130_fd_sc_hd__a21o_2)
                                                         _1688_ (net)
                      0.057603    0.000075   13.955028 v _5935_/A1 (sky130_fd_sc_hd__a22o_2)
     1    0.008477    0.053450    0.254806   14.209834 v _5935_/X (sky130_fd_sc_hd__a22o_2)
                                                         _1708_ (net)
                      0.053450    0.000035   14.209868 v _6935_/B (sky130_fd_sc_hd__xor2_2)
     1    0.011721    0.084580    0.162546   14.372414 v _6935_/X (sky130_fd_sc_hd__xor2_2)
                                                         _2779_ (net)
                      0.084581    0.000459   14.372873 v _6948_/B1 (sky130_fd_sc_hd__a2bb2o_2)
     1    0.002114    0.041119    0.261685   14.634558 v _6948_/X (sky130_fd_sc_hd__a2bb2o_2)
                                                         _2793_ (net)
                      0.041119    0.000005   14.634563 v _6949_/B (sky130_fd_sc_hd__or3b_2)
     2    0.007820    0.093219    0.462348   15.096910 v _6949_/X (sky130_fd_sc_hd__or3b_2)
                                                         net91 (net)
                      0.093219    0.000147   15.097058 v _6994_/A (sky130_fd_sc_hd__or4b_2)
     1    0.004150    0.107118    0.682787   15.779845 v _6994_/X (sky130_fd_sc_hd__or4b_2)
                                                         _2841_ (net)
                      0.107118    0.000005   15.779851 v _6995_/D (sky130_fd_sc_hd__nor4_2)
     1    0.002508    0.179833    0.139698   15.919549 ^ _6995_/Y (sky130_fd_sc_hd__nor4_2)
                                                         net103 (net)
                      0.179833    0.000002   15.919551 ^ output103/A (sky130_fd_sc_hd__clkdlybuf4s25_1)
     1    0.035369    0.357162    0.507614   16.427164 ^ output103/X (sky130_fd_sc_hd__clkdlybuf4s25_1)
                                                         zero (net)
                      0.357162    0.000417   16.427582 ^ zero (out)
                                             16.427582   data arrival time

                      0.000000   25.000000   25.000000   clock __VIRTUAL_CLK__ (rise edge)
                                  0.000000   25.000000   clock network delay (ideal)
                                 -0.250000   24.750000   clock uncertainty
                                  0.000000   24.750000   clock reconvergence pessimism
                                 -5.000000   19.750000   output external delay
                                             19.750000   data required time
---------------------------------------------------------------------------------------------
                                             19.750000   data required time
                                            -16.427582   data arrival time
---------------------------------------------------------------------------------------------
                                              3.322418   slack (MET)




===========================================================================
report_checks --slack_max -0.01
============================================================================
======================= nom_tt_025C_1v80 Corner ===================================

No paths found.


===========================================================================
 report_check_types -max_slew -max_cap -max_fanout -violators
============================================================================
======================= nom_tt_025C_1v80 Corner ===================================



===========================================================================
report_parasitic_annotation -report_unannotated
============================================================================
Found 0 unannotated drivers.
Found 0 partially unannotated drivers.

===========================================================================
max slew violation count 0
Writing metric design__max_slew_violation__count__corner:nom_tt_025C_1v80: 0
max fanout violation count 0
Writing metric design__max_fanout_violation__count__corner:nom_tt_025C_1v80: 0
max cap violation count 0
Writing metric design__max_cap_violation__count__corner:nom_tt_025C_1v80: 0
============================================================================

===========================================================================
check_setup -verbose -unconstrained_endpoints -multiple_clock -no_clock -no_input_delay -loops -generated_clocks
===========================================================================
